Component: Arm Compiler for Embedded 6.24 Tool: armlink [5f371500]

==============================================================================

Section Cross References

    main.o(.ARM.exidx.text.UART0_Init) refers to main.o(.text.UART0_Init) for [Anonymous Symbol]
    main.o(.text.main) refers to sysclock.o(.text.ES_setSystemClk) for ES_setSystemClk
    main.o(.text.main) refers to main.o(.rodata.str1.1) for .L.str
    main.o(.text.main) refers to general_serial.o(.text.ES_Serial) for ES_Serial
    main.o(.text.main) refers to main.o(.text.UART0_Init) for UART0_Init
    main.o(.text.main) refers to servo_motor_functions.o(.text.Servo_Init) for Servo_Init
    main.o(.text.main) refers to servo_motor_functions.o(.text.Servo_TimerInit) for Servo_TimerInit
    main.o(.text.main) refers to joystick_functions.o(.text.SW_Init) for SW_Init
    main.o(.text.main) refers to joystick_functions.o(.text.Joystick_Init) for Joystick_Init
    main.o(.text.main) refers to ranger_functions.o(.text.Init_Ranger) for Init_Ranger
    main.o(.text.main) refers to buzzer_functions.o(.text.Init_Buzzer) for Init_Buzzer
    main.o(.text.main) refers to lcd_functions.o(.text.Init_All_LCD) for Init_All_LCD
    main.o(.text.main) refers to ili9341.o(.text.fillScreen) for fillScreen
    main.o(.text.main) refers to delay.o(.text.ES_msDelay) for ES_msDelay
    main.o(.text.main) refers to joystick_functions.o(.text.SW_Pressed) for SW_Pressed
    main.o(.text.main) refers to general_serial.o(.text.ES_Uprintf) for ES_Uprintf
    main.o(.text.main) refers to servo_motor_functions.o(.text.Servo_TimerStop) for Servo_TimerStop
    main.o(.text.main) refers to joystick_functions.o(.text.Joystick_Control_Servo) for Joystick_Control_Servo
    main.o(.text.main) refers to servo_motor_functions.o(.text.Servo_TimerStart) for Servo_TimerStart
    main.o(.text.main) refers to ranger_functions.o(.text.Ranger_Trigger) for Ranger_Trigger
    main.o(.text.main) refers to ranger_functions.o(.bss.echo_captured) for echo_captured
    main.o(.text.main) refers to ranger_functions.o(.text.Ranger_Get_Distance) for Ranger_Get_Distance
    main.o(.text.main) refers to servo_motor_functions.o(.bss.current_angle) for current_angle
    main.o(.text.main) refers to lcd_functions.o(.text.Show_Angle_Distance) for Show_Angle_Distance
    main.o(.text.main) refers to buzzer_functions.o(.text.On_Buzzer) for On_Buzzer
    main.o(.text.main) refers to buzzer_functions.o(.text.Off_Buzzer) for Off_Buzzer
    main.o(.ARM.exidx.text.main) refers to main.o(.text.main) for [Anonymous Symbol]
    servo_motor_functions.o(.ARM.exidx.text.Servo_Init) refers to servo_motor_functions.o(.text.Servo_Init) for [Anonymous Symbol]
    servo_motor_functions.o(.ARM.exidx.text.Servo_SetAngle) refers to servo_motor_functions.o(.text.Servo_SetAngle) for [Anonymous Symbol]
    servo_motor_functions.o(.text.Servo_TimerInit) refers to servo_motor_functions.o(.text.__NVIC_EnableIRQ) for __NVIC_EnableIRQ
    servo_motor_functions.o(.ARM.exidx.text.Servo_TimerInit) refers to servo_motor_functions.o(.text.Servo_TimerInit) for [Anonymous Symbol]
    servo_motor_functions.o(.ARM.exidx.text.__NVIC_EnableIRQ) refers to servo_motor_functions.o(.text.__NVIC_EnableIRQ) for [Anonymous Symbol]
    servo_motor_functions.o(.text.TIMER3A_Handler) refers to servo_motor_functions.o(.bss.current_angle) for current_angle
    servo_motor_functions.o(.text.TIMER3A_Handler) refers to servo_motor_functions.o(.data.direction) for direction
    servo_motor_functions.o(.text.TIMER3A_Handler) refers to servo_motor_functions.o(.text.Servo_SetAngle) for Servo_SetAngle
    servo_motor_functions.o(.ARM.exidx.text.TIMER3A_Handler) refers to servo_motor_functions.o(.text.TIMER3A_Handler) for [Anonymous Symbol]
    servo_motor_functions.o(.ARM.exidx.text.Servo_TimerStart) refers to servo_motor_functions.o(.text.Servo_TimerStart) for [Anonymous Symbol]
    servo_motor_functions.o(.ARM.exidx.text.Servo_TimerStop) refers to servo_motor_functions.o(.text.Servo_TimerStop) for [Anonymous Symbol]
    ranger_functions.o(.text.Init_Ranger) refers to ranger_functions.o(.text.__NVIC_EnableIRQ) for __NVIC_EnableIRQ
    ranger_functions.o(.text.Init_Ranger) refers to ranger_functions.o(.text.__NVIC_SetPriority) for __NVIC_SetPriority
    ranger_functions.o(.ARM.exidx.text.Init_Ranger) refers to ranger_functions.o(.text.Init_Ranger) for [Anonymous Symbol]
    ranger_functions.o(.ARM.exidx.text.__NVIC_EnableIRQ) refers to ranger_functions.o(.text.__NVIC_EnableIRQ) for [Anonymous Symbol]
    ranger_functions.o(.ARM.exidx.text.__NVIC_SetPriority) refers to ranger_functions.o(.text.__NVIC_SetPriority) for [Anonymous Symbol]
    ranger_functions.o(.text.TIMER1B_Handler) refers to ranger_functions.o(.bss.checking_fall) for checking_fall
    ranger_functions.o(.text.TIMER1B_Handler) refers to ranger_functions.o(.bss.echo_start) for echo_start
    ranger_functions.o(.text.TIMER1B_Handler) refers to ranger_functions.o(.bss.echo_end) for echo_end
[...]
    __lcnum_c_start                          0x00006cf0   Data           0  lc_numeric_c.o(locale$$data)
    __lcnum_c_point                          0x00006cfc   Data           0  lc_numeric_c.o(locale$$data)
    __lcnum_c_thousands                      0x00006cfe   Data           0  lc_numeric_c.o(locale$$data)
    __lcnum_c_grouping                       0x00006cff   Data           0  lc_numeric_c.o(locale$$data)
    __lcnum_c_end                            0x00006d00   Data           0  lc_numeric_c.o(locale$$data)
    Joystick_Control_Servo.starting_servo_angle 0x20000000   Data           4  joystick_functions.o(.data.Joystick_Control_Servo.starting_servo_angle)
    [Anonymous Symbol]                       0x20000000   Section        0  joystick_functions.o(.data.Joystick_Control_Servo.starting_servo_angle)
    .bss                                     0x20000010   Section       96  libspace.o(.bss)
    ui32SysClock                             0x2000009c   Data           4  sysclock.o(.bss.ui32SysClock)
    [Anonymous Symbol]                       0x2000009c   Section        0  sysclock.o(.bss.ui32SysClock)
    Heap_Mem                                 0x200000a0   Data           0  startup_tm4c129.o(HEAP)
    Stack_Mem                                0x200000a0   Data         512  startup_tm4c129.o(STACK)
    HEAP                                     0x200000a0   Section        0  startup_tm4c129.o(HEAP)
    STACK                                    0x200000a0   Section      512  startup_tm4c129.o(STACK)
    __initial_sp                             0x200002a0   Data           0  startup_tm4c129.o(STACK)

    Global Symbols

    Symbol Name                              Value     Ov Type        Size  Object(Section)

    BuildAttributes$$THM_ISAv4$E$P$D$K$B$S$7EM$VFPi3$EXTD16$VFPS$VFMA$PE$A:L22UL41UL21$X:L11$S22US41US21$IEEE1$IW$~IW$USESV6$~STKCKD$USESV7$~SHL$OTIME$ROPI$IEEEX$EBA8$UX$STANDARDLIB$REQ8$PRES8$EABIv2 0x00000000   Number         0  anon$$obj.o ABSOLUTE
    __Vectors                                0x00000000   Data           4  startup_tm4c129.o(RESET)
    _printf_flags                            0x00000000   Number         0  printf_stubs.o ABSOLUTE
    _printf_return_value                     0x00000000   Number         0  printf_stubs.o ABSOLUTE
    _printf_sizespec                         0x00000000   Number         0  printf_stubs.o ABSOLUTE
    _printf_widthprec                        0x00000000   Number         0  printf_stubs.o ABSOLUTE
    __ARM_exceptions_init                     - Undefined Weak Reference
    __alloca_initialize                       - Undefined Weak Reference
    __arm_preinit_                            - Undefined Weak Reference
    __arm_relocate_pie_                       - Undefined Weak Reference
    __cpp_initialize__aeabi_                  - Undefined Weak Reference
    __cxa_finalize                            - Undefined Weak Reference
    __sigvec_lookup                           - Undefined Weak Reference
    _atexit_init                              - Undefined Weak Reference
    _call_atexit_fns                          - Undefined Weak Reference
    _clock_init                               - Undefined Weak Reference
    _fp_trap_init                             - Undefined Weak Reference
    _fp_trap_shutdown                         - Undefined Weak Reference
    _get_lc_collate                           - Undefined Weak Reference
    _get_lc_monetary                          - Undefined Weak Reference
    _get_lc_time                              - Undefined Weak Reference
    _getenv_init                              - Undefined Weak Reference
    _handle_redirection                       - Undefined Weak Reference
    _init_alloc                               - Undefined Weak Reference
    _init_user_alloc                          - Undefined Weak Reference
    _initio                                   - Undefined Weak Reference
    _printf_mbtowc                            - Undefined Weak Reference
    _printf_wc                                - Undefined Weak Reference
    _rand_init                                - Undefined Weak Reference
    _signal_finish                            - Undefined Weak Reference
    _signal_init                              - Undefined Weak Reference
    _terminate_alloc                          - Undefined Weak Reference
    _terminate_user_alloc                     - Undefined Weak Reference
    _terminateio                              - Undefined Weak Reference
    __Vectors_End                            0x00000200   Data           0  startup_tm4c129.o(RESET)
    __Vectors_Size                           0x00000200   Number         0  startup_tm4c129.o ABSOLUTE
    __main                                   0x00000201   Thumb Code     8  __main.o(!!!main)
    __scatterload                            0x00000209   Thumb Code     0  __scatter.o(!!!scatter)
    __scatterload_rt2                        0x00000209   Thumb Code    84  __scatter.o(!!!scatter)
    __scatterload_rt2_thumb_only             0x00000209   Thumb Code     0  __scatter.o(!!!scatter)
    __scatterload_loop                       0x00000213   Thumb Code     0  __scatter.o(!!!scatter)
    __scatterload_copy                       0x00000265   Thumb Code    26  __scatter_copy.o(!!handler_copy)
    __scatterload_null                       0x00000281   Thumb Code     2  __scatter.o(!!handler_null)
    __scatterload_zeroinit                   0x00000285   Thumb Code    28  __scatter_zi.o(!!handler_zi)
    _printf_n                                0x000002a1   Thumb Code     0  _printf_n.o(.ARM.Collect$$_printf_percent$$00000001)
    _printf_percent                          0x000002a1   Thumb Code     0  _printf_percent.o(.ARM.Collect$$_printf_percent$$00000000)
    _printf_p                                0x000002a7   Thumb Code     0  _printf_p.o(.ARM.Collect$$_printf_percent$$00000002)
    _printf_f                                0x000002ad   Thumb Code     0  _printf_f.o(.ARM.Collect$$_printf_percent$$00000003)
    _printf_e                                0x000002b3   Thumb Code     0  _printf_e.o(.ARM.Collect$$_printf_percent$$00000004)
    _printf_g                                0x000002b9   Thumb Code     0  _printf_g.o(.ARM.Collect$$_printf_percent$$00000005)
    _printf_a                                0x000002bf   Thumb Code     0  _printf_a.o(.ARM.Collect$$_printf_percent$$00000006)
    _printf_ll                               0x000002c5   Thumb Code     0  _printf_ll.o(.ARM.Collect$$_printf_percent$$00000007)
    _printf_i                                0x000002cf   Thumb Code     0  _printf_i.o(.ARM.Collect$$_printf_percent$$00000008)
    _printf_d                                0x000002d5   Thumb Code     0  _printf_d.o(.ARM.Collect$$_printf_percent$$00000009)
    _printf_u                                0x000002db   Thumb Code     0  _printf_u.o(.ARM.Collect$$_printf_percent$$0000000A)
    _printf_o                                0x000002e1   Thumb Code     0  _printf_o.o(.ARM.Collect$$_printf_percent$$0000000B)
    _printf_x                                0x000002e7   Thumb Code     0  _printf_x.o(.ARM.Collect$$_printf_percent$$0000000C)
    _printf_lli                              0x000002ed   Thumb Code     0  _printf_lli.o(.ARM.Collect$$_printf_percent$$0000000D)
    _printf_lld                              0x000002f3   Thumb Code     0  _printf_lld.o(.ARM.Collect$$_printf_percent$$0000000E)
    _printf_llu                              0x000002f9   Thumb Code     0  _printf_llu.o(.ARM.Collect$$_printf_percent$$0000000F)
    _printf_llo                              0x000002ff   Thumb Code     0  _printf_llo.o(.ARM.Collect$$_printf_percent$$00000010)
    _printf_llx                              0x00000305   Thumb Code     0  _printf_llx.o(.ARM.Collect$$_printf_percent$$00000011)
    _printf_l                                0x0000030b   Thumb Code     0  _printf_l.o(.ARM.Collect$$_printf_percent$$00000012)
    _printf_c                                0x00000315   Thumb Code     0  _printf_c.o(.ARM.Collect$$_printf_percent$$00000013)
    _printf_s                                0x0000031b   Thumb Code     0  _printf_s.o(.ARM.Collect$$_printf_percent$$00000014)
    _printf_lc                               0x00000321   Thumb Code     0  _printf_lc.o(.ARM.Collect$$_printf_percent$$00000015)
    _printf_ls                               0x00000327   Thumb Code     0  _printf_ls.o(.ARM.Collect$$_printf_percent$$00000016)
    _printf_percent_end                      0x0000032d   Thumb Code     0  _printf_percent_end.o(.ARM.Collect$$_printf_percent$$00000017)
    __rt_lib_init                            0x00000331   Thumb Code     0  libinit.o(.ARM.Collect$$libinit$$00000000)
    __rt_lib_init_fp_1                       0x00000333   Thumb Code     0  libinit2.o(.ARM.Collect$$libinit$$00000001)
    __rt_lib_init_heap_1                     0x00000337   Thumb Code     0  libinit2.o(.ARM.Collect$$libinit$$0000000C)
    __rt_lib_init_lc_common                  0x00000337   Thumb Code     0  libinit2.o(.ARM.Collect$$libinit$$00000011)
    __rt_lib_init_preinit_1                  0x00000337   Thumb Code     0  libinit2.o(.ARM.Collect$$libinit$$00000006)
    __rt_lib_init_rand_1                     0x00000337   Thumb Code     0  libinit2.o(.ARM.Collect$$libinit$$00000010)
    __rt_lib_init_relocate_pie_1             0x00000337   Thumb Code     0  libinit2.o(.ARM.Collect$$libinit$$00000004)
    __rt_lib_init_user_alloc_1               0x00000337   Thumb Code     0  libinit2.o(.ARM.Collect$$libinit$$0000000E)
    __rt_lib_init_lc_collate_1               0x0000033d   Thumb Code     0  libinit2.o(.ARM.Collect$$libinit$$00000013)
    __rt_lib_init_lc_ctype_2                 0x0000033d   Thumb Code     0  libinit2.o(.ARM.Collect$$libinit$$00000014)
    __rt_lib_init_lc_ctype_1                 0x00000349   Thumb Code     0  libinit2.o(.ARM.Collect$$libinit$$00000015)
    __rt_lib_init_lc_monetary_1              0x00000349   Thumb Code     0  libinit2.o(.ARM.Collect$$libinit$$00000017)
    __rt_lib_init_lc_numeric_2               0x00000349   Thumb Code     0  libinit2.o(.ARM.Collect$$libinit$$00000018)
    __rt_lib_init_alloca_1                   0x00000353   Thumb Code     0  libinit2.o(.ARM.Collect$$libinit$$00000030)
    __rt_lib_init_argv_1                     0x00000353   Thumb Code     0  libinit2.o(.ARM.Collect$$libinit$$0000002E)
    __rt_lib_init_atexit_1                   0x00000353   Thumb Code     0  libinit2.o(.ARM.Collect$$libinit$$0000001D)
    __rt_lib_init_clock_1                    0x00000353   Thumb Code     0  libinit2.o(.ARM.Collect$$libinit$$00000023)
    __rt_lib_init_cpp_1                      0x00000353   Thumb Code     0  libinit2.o(.ARM.Collect$$libinit$$00000034)
    __rt_lib_init_exceptions_1               0x00000353   Thumb Code     0  libinit2.o(.ARM.Collect$$libinit$$00000032)
    __rt_lib_init_fp_trap_1                  0x00000353   Thumb Code     0  libinit2.o(.ARM.Collect$$libinit$$00000021)
    __rt_lib_init_getenv_1                   0x00000353   Thumb Code     0  libinit2.o(.ARM.Collect$$libinit$$00000025)
    __rt_lib_init_lc_numeric_1               0x00000353   Thumb Code     0  libinit2.o(.ARM.Collect$$libinit$$00000019)
    __rt_lib_init_lc_time_1                  0x00000353   Thumb Code     0  libinit2.o(.ARM.Collect$$libinit$$0000001B)
    __rt_lib_init_return                     0x00000353   Thumb Code     0  libinit2.o(.ARM.Collect$$libinit$$00000035)
    __rt_lib_init_signal_1                   0x00000353   Thumb Code     0  libinit2.o(.ARM.Collect$$libinit$$0000001F)
    __rt_lib_init_stdio_1                    0x00000353   Thumb Code     0  libinit2.o(.ARM.Collect$$libinit$$00000027)
    __rt_lib_shutdown                        0x00000355   Thumb Code     0  libshutdown.o(.ARM.Collect$$libshutdown$$00000000)
    __rt_lib_shutdown_cpp_1                  0x00000357   Thumb Code     0  libshutdown2.o(.ARM.Collect$$libshutdown$$00000002)
    __rt_lib_shutdown_fp_trap_1              0x00000357   Thumb Code     0  libshutdown2.o(.ARM.Collect$$libshutdown$$00000007)
    __rt_lib_shutdown_heap_1                 0x00000357   Thumb Code     0  libshutdown2.o(.ARM.Collect$$libshutdown$$0000000F)
    __rt_lib_shutdown_return                 0x00000357   Thumb Code     0  libshutdown2.o(.ARM.Collect$$libshutdown$$00000010)
    __rt_lib_shutdown_signal_1               0x00000357   Thumb Code     0  libshutdown2.o(.ARM.Collect$$libshutdown$$0000000A)
    __rt_lib_shutdown_stdio_1                0x00000357   Thumb Code     0  libshutdown2.o(.ARM.Collect$$libshutdown$$00000004)
    __rt_lib_shutdown_user_alloc_1           0x00000357   Thumb Code     0  libshutdown2.o(.ARM.Collect$$libshutdown$$0000000C)
    __rt_entry                               0x00000359   Thumb Code     0  __rtentry.o(.ARM.Collect$$rtentry$$00000000)
    __rt_entry_presh_1                       0x00000359   Thumb Code     0  __rtentry2.o(.ARM.Collect$$rtentry$$00000002)
    __rt_entry_sh                            0x00000359   Thumb Code     0  __rtentry4.o(.ARM.Collect$$rtentry$$00000004)
    __rt_entry_li                            0x0000035f   Thumb Code     0  __rtentry2.o(.ARM.Collect$$rtentry$$0000000A)
    __rt_entry_postsh_1                      0x0000035f   Thumb Code     0  __rtentry2.o(.ARM.Collect$$rtentry$$00000009)
    __rt_entry_main                          0x00000363   Thumb Code     0  __rtentry2.o(.ARM.Collect$$rtentry$$0000000D)
    __rt_entry_postli_1                      0x00000363   Thumb Code     0  __rtentry2.o(.ARM.Collect$$rtentry$$0000000C)
    __rt_exit                                0x0000036b   Thumb Code     0  rtexit.o(.ARM.Collect$$rtexit$$00000000)
    __rt_exit_ls                             0x0000036d   Thumb Code     0  rtexit2.o(.ARM.Collect$$rtexit$$00000003)
    __rt_exit_prels_1                        0x0000036d   Thumb Code     0  rtexit2.o(.ARM.Collect$$rtexit$$00000002)
    __rt_exit_exit                           0x00000371   Thumb Code     0  rtexit2.o(.ARM.Collect$$rtexit$$00000004)
    SysCtlDelay                              0x00000379   Thumb Code     6  sysctl.o(.emb_text)
    Reset_Handler                            0x00000381   Thumb Code     8  startup_tm4c129.o(.text)
    NMI_Handler                              0x00000389   Thumb Code     2  startup_tm4c129.o(.text)
    HardFault_Handler                        0x0000038b   Thumb Code     2  startup_tm4c129.o(.text)
    MemManage_Handler                        0x0000038d   Thumb Code     2  startup_tm4c129.o(.text)
    BusFault_Handler                         0x0000038f   Thumb Code     2  startup_tm4c129.o(.text)
    UsageFault_Handler                       0x00000391   Thumb Code     2  startup_tm4c129.o(.text)
    SVC_Handler                              0x00000393   Thumb Code     2  startup_tm4c129.o(.text)
    DebugMon_Handler                         0x00000395   Thumb Code     2  startup_tm4c129.o(.text)
    PendSV_Handler                           0x00000397   Thumb Code     2  startup_tm4c129.o(.text)
    SysTick_Handler                          0x00000399   Thumb Code     2  startup_tm4c129.o(.text)
    GPIOA_Handler                            0x0000039b   Thumb Code     2  startup_tm4c129.o(.text)
    GPIOB_Handler                            0x0000039d   Thumb Code     2  startup_tm4c129.o(.text)
    GPIOC_Handler                            0x0000039f   Thumb Code     2  startup_tm4c129.o(.text)
    GPIOD_Handler                            0x000003a1   Thumb Code     2  startup_tm4c129.o(.text)
    GPIOE_Handler                            0x000003a3   Thumb Code     2  startup_tm4c129.o(.text)
    UART0_Handler                            0x000003a5   Thumb Code     2  startup_tm4c129.o(.text)
    UART1_Handler                            0x000003a7   Thumb Code     2  startup_tm4c129.o(.text)
    SSI0_Handler                             0x000003a9   Thumb Code     2  startup_tm4c129.o(.text)
    I2C0_Handler                             0x000003ab   Thumb Code     2  startup_tm4c129.o(.text)
    PMW0_FAULT_Handler                       0x000003ad   Thumb Code     2  startup_tm4c129.o(.text)
    PWM0_0_Handler                           0x000003af   Thumb Code     2  startup_tm4c129.o(.text)
    PWM0_1_Handler                           0x000003b1   Thumb Code     2  startup_tm4c129.o(.text)
    PWM0_2_Handler                           0x000003b3   Thumb Code     2  startup_tm4c129.o(.text)
    QEI0_Handler                             0x000003b5   Thumb Code     2  startup_tm4c129.o(.text)
    ADC0SS0_Handler                          0x000003b7   Thumb Code     2  startup_tm4c129.o(.text)
    ADC0SS1_Handler                          0x000003b9   Thumb Code     2  startup_tm4c129.o(.text)
    ADC0SS2_Handler                          0x000003bb   Thumb Code     2  startup_tm4c129.o(.text)
    ADC0SS3_Handler                          0x000003bd   Thumb Code     2  startup_tm4c129.o(.text)
    WDT0_Handler                             0x000003bf   Thumb Code     2  startup_tm4c129.o(.text)
    TIMER0A_Handler                          0x000003c1   Thumb Code     2  startup_tm4c129.o(.text)
    TIMER0B_Handler                          0x000003c3   Thumb Code     2  startup_tm4c129.o(.text)
    TIMER1A_Handler                          0x000003c5   Thumb Code     2  startup_tm4c129.o(.text)
    TIMER2A_Handler                          0x000003c9   Thumb Code     2  startup_tm4c129.o(.text)
    TIMER2B_Handler                          0x000003cb   Thumb Code     2  startup_tm4c129.o(.text)
    COMP0_Handler                            0x000003cd   Thumb Code     2  startup_tm4c129.o(.text)
    COMP1_Handler                            0x000003cf   Thumb Code     2  startup_tm4c129.o(.text)
    COMP2_Handler                            0x000003d1   Thumb Code     2  startup_tm4c129.o(.text)
    SYSCTL_Handler                           0x000003d3   Thumb Code     2  startup_tm4c129.o(.text)
    FLASH_Handler                            0x000003d5   Thumb Code     2  startup_tm4c129.o(.text)
    GPIOF_Handler                            0x000003d7   Thumb Code     2  startup_tm4c129.o(.text)
    GPIOG_Handler                            0x000003d9   Thumb Code     2  startup_tm4c129.o(.text)
    GPIOH_Handler                            0x000003db   Thumb Code     2  startup_tm4c129.o(.text)
    UART2_Handler                            0x000003dd   Thumb Code     2  startup_tm4c129.o(.text)
    SSI1_Handler                             0x000003df   Thumb Code     2  startup_tm4c129.o(.text)
    TIMER3B_Handler                          0x000003e3   Thumb Code     2  startup_tm4c129.o(.text)
    I2C1_Handler                             0x000003e5   Thumb Code     2  startup_tm4c129.o(.text)
    CAN0_Handler                             0x000003e7   Thumb Code     2  startup_tm4c129.o(.text)
    CAN1_Handler                             0x000003e9   Thumb Code     2  startup_tm4c129.o(.text)
    ETH_Handler                              0x000003eb   Thumb Code     2  startup_tm4c129.o(.text)
    HIB_Handler                              0x000003ed   Thumb Code     2  startup_tm4c129.o(.text)
    USB0_Handler                             0x000003ef   Thumb Code     2  startup_tm4c129.o(.text)
    PWM0_3_Handler                           0x000003f1   Thumb Code     2  startup_tm4c129.o(.text)
    UDMA_Handler                             0x000003f3   Thumb Code     2  startup_tm4c129.o(.text)
    UDMAERR_Handler                          0x000003f5   Thumb Code     2  startup_tm4c129.o(.text)
    ADC1SS0_Handler                          0x000003f7   Thumb Code     2  startup_tm4c129.o(.text)
    ADC1SS1_Handler                          0x000003f9   Thumb Code     2  startup_tm4c129.o(.text)
    ADC1SS2_Handler                          0x000003fb   Thumb Code     2  startup_tm4c129.o(.text)
    ADC1SS3_Handler                          0x000003fd   Thumb Code     2  startup_tm4c129.o(.text)
    EBI0_Handler                             0x000003ff   Thumb Code     2  startup_tm4c129.o(.text)
    GPIOJ_Handler                            0x00000401   Thumb Code     2  startup_tm4c129.o(.text)
    GPIOK_Handler                            0x00000403   Thumb Code     2  startup_tm4c129.o(.text)
    GPIOL_Handler                            0x00000405   Thumb Code     2  startup_tm4c129.o(.text)
    SSI2_Handler                             0x00000407   Thumb Code     2  startup_tm4c129.o(.text)
    SSI3_Handler                             0x00000409   Thumb Code     2  startup_tm4c129.o(.text)
    UART3_Handler                            0x0000040b   Thumb Code     2  startup_tm4c129.o(.text)
    UART4_Handler                            0x0000040d   Thumb Code     2  startup_tm4c129.o(.text)
    UART5_Handler                            0x0000040f   Thumb Code     2  startup_tm4c129.o(.text)
    UART6_Handler                            0x00000411   Thumb Code     2  startup_tm4c129.o(.text)
    UART7_Handler                            0x00000413   Thumb Code     2  startup_tm4c129.o(.text)
    I2C2_Handler                             0x00000415   Thumb Code     2  startup_tm4c129.o(.text)
    I2C3_Handler                             0x00000417   Thumb Code     2  startup_tm4c129.o(.text)
    TIMER4A_Handler                          0x00000419   Thumb Code     2  startup_tm4c129.o(.text)
    TIMER4B_Handler                          0x0000041b   Thumb Code     2  startup_tm4c129.o(.text)
    TIMER5A_Handler                          0x0000041d   Thumb Code     2  startup_tm4c129.o(.text)
    TIMER5B_Handler                          0x0000041f   Thumb Code     2  startup_tm4c129.o(.text)
    WTIMER0A_Handler                         0x00000421   Thumb Code     2  startup_tm4c129.o(.text)
    WTIMER0B_Handler                         0x00000423   Thumb Code     2  startup_tm4c129.o(.text)
    WTIMER1A_Handler                         0x00000425   Thumb Code     2  startup_tm4c129.o(.text)
    WTIMER1B_Handler                         0x00000427   Thumb Code     2  startup_tm4c129.o(.text)
    WTIMER2A_Handler                         0x00000429   Thumb Code     2  startup_tm4c129.o(.text)
    WTIMER2B_Handler                         0x0000042b   Thumb Code     2  startup_tm4c129.o(.text)
    WTIMER3A_Handler                         0x0000042d   Thumb Code     2  startup_tm4c129.o(.text)
    WTIMER3B_Handler                         0x0000042f   Thumb Code     2  startup_tm4c129.o(.text)
    WTIMER4A_Handler                         0x00000431   Thumb Code     2  startup_tm4c129.o(.text)
    WTIMER4B_Handler                         0x00000433   Thumb Code     2  startup_tm4c129.o(.text)
    WTIMER5A_Handler                         0x00000435   Thumb Code     2  startup_tm4c129.o(.text)
    WTIMER5B_Handler                         0x00000437   Thumb Code     2  startup_tm4c129.o(.text)
    FPU_Handler                              0x00000439   Thumb Code     2  startup_tm4c129.o(.text)
    I2C4_Handler                             0x0000043b   Thumb Code     2  startup_tm4c129.o(.text)
    I2C5_Handler                             0x0000043d   Thumb Code     2  startup_tm4c129.o(.text)
    GPIOM_Handler                            0x0000043f   Thumb Code     2  startup_tm4c129.o(.text)
    GPION_Handler                            0x00000441   Thumb Code     2  startup_tm4c129.o(.text)
    TAMPER_Handler                           0x00000443   Thumb Code     2  startup_tm4c129.o(.text)
    GPIOP0_Handler                           0x00000445   Thumb Code     2  startup_tm4c129.o(.text)
    GPIOP1_Handler                           0x00000447   Thumb Code     2  startup_tm4c129.o(.text)
    GPIOP2_Handler                           0x00000449   Thumb Code     2  startup_tm4c129.o(.text)
    GPIOP3_Handler                           0x0000044b   Thumb Code     2  startup_tm4c129.o(.text)
    GPIOP4_Handler                           0x0000044d   Thumb Code     2  startup_tm4c129.o(.text)
    GPIOP5_Handler                           0x0000044f   Thumb Code     2  startup_tm4c129.o(.text)
    GPIOP6_Handler                           0x00000451   Thumb Code     2  startup_tm4c129.o(.text)
    GPIOP7_Handler                           0x00000453   Thumb Code     2  startup_tm4c129.o(.text)
    GPIOQ0_Handler                           0x00000455   Thumb Code     2  startup_tm4c129.o(.text)
    GPIOQ1_Handler                           0x00000457   Thumb Code     2  startup_tm4c129.o(.text)
    GPIOQ2_Handler                           0x00000459   Thumb Code     2  startup_tm4c129.o(.text)
    GPIOQ3_Handler                           0x0000045b   Thumb Code     2  startup_tm4c129.o(.text)
    GPIOQ4_Handler                           0x0000045d   Thumb Code     2  startup_tm4c129.o(.text)
    GPIOQ5_Handler                           0x0000045f   Thumb Code     2  startup_tm4c129.o(.text)
    GPIOQ6_Handler                           0x00000461   Thumb Code     2  startup_tm4c129.o(.text)
    GPIOQ7_Handler                           0x00000463   Thumb Code     2  startup_tm4c129.o(.text)
    GPIOR_Handler                            0x00000465   Thumb Code     2  startup_tm4c129.o(.text)
    GPIOS_Handler                            0x00000467   Thumb Code     2  startup_tm4c129.o(.text)
    SHAMD5_Handler                           0x00000469   Thumb Code     2  startup_tm4c129.o(.text)
    AES_Handler                              0x0000046b   Thumb Code     2  startup_tm4c129.o(.text)
    DES3DES_Handler                          0x0000046d   Thumb Code     2  startup_tm4c129.o(.text)
    LCDCONTROLLER_Handler                    0x0000046f   Thumb Code     2  startup_tm4c129.o(.text)
    TIMER6A_Handler                          0x00000471   Thumb Code     2  startup_tm4c129.o(.text)
    TIMER6B_Handler                          0x00000473   Thumb Code     2  startup_tm4c129.o(.text)
    TIMER7A_Handler                          0x00000475   Thumb Code     2  startup_tm4c129.o(.text)
    TIMER7B_Handler                          0x00000477   Thumb Code     2  startup_tm4c129.o(.text)
    I2C6_Handler                             0x00000479   Thumb Code     2  startup_tm4c129.o(.text)
    I2C7_Handler                             0x0000047b   Thumb Code     2  startup_tm4c129.o(.text)
    HIMSCANKEYBOARD_Handler                  0x0000047d   Thumb Code     2  startup_tm4c129.o(.text)
    ONEWIRE_Handler                          0x0000047f   Thumb Code     2  startup_tm4c129.o(.text)
    HIMPS2_Handler                           0x00000481   Thumb Code     2  startup_tm4c129.o(.text)
    HIMLEDSEQUENCER_Handler                  0x00000483   Thumb Code     2  startup_tm4c129.o(.text)
    HIMCONSUMERIR_Handler                    0x00000485   Thumb Code     2  startup_tm4c129.o(.text)
    I2C8_Handler                             0x00000487   Thumb Code     2  startup_tm4c129.o(.text)
    I2C9_Handler                             0x00000489   Thumb Code     2  startup_tm4c129.o(.text)
    GPIOT_Handler                            0x0000048b   Thumb Code     2  startup_tm4c129.o(.text)
    __user_initial_stackheap                 0x0000048d   Thumb Code     0  startup_tm4c129.o(.text)
    __rt_ctype_table                         0x000004ad   Thumb Code    16  rt_ctype_table.o(.text)
    toupper                                  0x000004bd   Thumb Code    30  toupper.o(.text)
    sprintf                                  0x000004dd   Thumb Code    38  sprintf.o(.text)
    vsprintf                                 0x00000509   Thumb Code    32  vsprintf.o(.text)
    sscanf                                   0x0000052d   Thumb Code    52  sscanf.o(.text)
    strlen                                   0x00000569   Thumb Code    62  strlen.o(.text)
    __use_two_region_memory                  0x000005a7   Thumb Code     2  heapauxi.o(.text)
    __rt_heap_escrow$2region                 0x000005a9   Thumb Code     2  heapauxi.o(.text)
    __rt_heap_expand$2region                 0x000005ab   Thumb Code     2  heapauxi.o(.text)
    __rt_locale                              0x000005ad   Thumb Code     8  rt_locale_intlibspace.o(.text)
    _printf_pre_padding                      0x000005b5   Thumb Code    44  _printf_pad.o(.text)
    _printf_post_padding                     0x000005e1   Thumb Code    34  _printf_pad.o(.text)
    _printf_truncate_signed                  0x00000603   Thumb Code    18  _printf_truncate.o(.text)
    _printf_truncate_unsigned                0x00000615   Thumb Code    18  _printf_truncate.o(.text)
    _printf_str                              0x00000627   Thumb Code    82  _printf_str.o(.text)
    _printf_int_dec                          0x00000679   Thumb Code   104  _printf_dec.o(.text)
    _printf_charcount                        0x000006f1   Thumb Code    40  _printf_charcount.o(.text)
    _printf_char_common                      0x00000723   Thumb Code    32  _printf_char_common.o(.text)
    _sputc                                   0x00000749   Thumb Code    10  _sputc.o(.text)
    _printf_wctomb                           0x00000755   Thumb Code   182  _printf_wctomb.o(.text)
    _printf_longlong_dec                     0x00000811   Thumb Code   108  _printf_longlong_dec.o(.text)
    _printf_longlong_oct                     0x0000088d   Thumb Code    68  _printf_oct_int_ll.o(.text)
    _printf_int_oct                          0x000008d1   Thumb Code    24  _printf_oct_int_ll.o(.text)
    _printf_ll_oct                           0x000008e9   Thumb Code    12  _printf_oct_int_ll.o(.text)
    _printf_longlong_hex                     0x000008fd   Thumb Code    86  _printf_hex_int_ll_ptr.o(.text)
    _printf_int_hex                          0x00000953   Thumb Code    28  _printf_hex_int_ll_ptr.o(.text)
    _printf_ll_hex                           0x0000096f   Thumb Code    12  _printf_hex_int_ll_ptr.o(.text)
    _printf_hex_ptr                          0x0000097b   Thumb Code    18  _printf_hex_int_ll_ptr.o(.text)
    __printf                                 0x00000991   Thumb Code   388  __printf_flags_ss_wp.o(.text)
    _scanf_longlong                          0x00000b19   Thumb Code   342  _scanf_longlong.o(.text)
    _scanf_int                               0x00000c6f   Thumb Code   332  _scanf_int.o(.text)
    _scanf_string                            0x00000dbb   Thumb Code   224  _scanf_str.o(.text)
    __vfscanf_char                           0x00000ea9   Thumb Code    24  scanf_char.o(.text)
    _sgetc                                   0x00000ec9   Thumb Code    30  _sgetc.o(.text)
    _sbackspace                              0x00000ee7   Thumb Code    34  _sgetc.o(.text)
    _scanf_mbtowc                            0x00000f09   Thumb Code   276  _scanf_mbtowc.o(.text)
    _scanf_wctomb                            0x0000101d   Thumb Code   232  _scanf_wctomb.o(.text)
    _scanf_wstring                           0x00001105   Thumb Code   208  _scanf_wstr.o(.text)
    __user_libspace                          0x000011d5   Thumb Code     8  libspace.o(.text)
    __user_perproc_libspace                  0x000011d5   Thumb Code     0  libspace.o(.text)
    __user_perthread_libspace                0x000011d5   Thumb Code     0  libspace.o(.text)
    _ll_udiv10                               0x000011dd   Thumb Code   138  lludiv10.o(.text)
    isspace                                  0x00001267   Thumb Code    18  isspace.o(.text)
    _printf_int_common                       0x00001279   Thumb Code   178  _printf_intcommon.o(.text)
    _printf_fp_dec_real                      0x000014db   Thumb Code   620  _printf_fp_dec.o(.text)
    _printf_fp_hex_real                      0x00001749   Thumb Code   756  _printf_fp_hex.o(.text)
    _printf_cs_common                        0x00001a45   Thumb Code    20  _printf_char.o(.text)
    _printf_char                             0x00001a59   Thumb Code    16  _printf_char.o(.text)
    _printf_string                           0x00001a69   Thumb Code     8  _printf_char.o(.text)
    _printf_lcs_common                       0x00001a71   Thumb Code    20  _printf_wchar.o(.text)
    _printf_wchar                            0x00001a85   Thumb Code    16  _printf_wchar.o(.text)
    _printf_wstring                          0x00001a95   Thumb Code     8  _printf_wchar.o(.text)
    _chval                                   0x00001a9d   Thumb Code    28  _chval.o(.text)
    __vfscanf                                0x00001ab9   Thumb Code   878  _scanf.o(.text)
    _scanf_really_real                       0x00002079   Thumb Code   684  scanf_fp.o(.text)
    _scanf_wcharmap                          0x00002325   Thumb Code    30  _scanf_wcharmap.o(.text)
    _mbrtoc16                                0x00002343   Thumb Code    64  _mbrtoc16.o(.text)
    _mbrtowc                                 0x00002343   Thumb Code     0  _mbrtoc16.o(.text)
    _c16rtomb                                0x00002383   Thumb Code    72  _c16rtomb.o(.text)
    _wcrtomb                                 0x00002383   Thumb Code     0  _c16rtomb.o(.text)
    strcmp                                   0x000023d1   Thumb Code   124  strcmpv7em.o(.text)
    __user_setup_stackheap                   0x0000244d   Thumb Code    74  sys_stackheap_outer.o(.text)
    __aeabi_errno_addr                       0x00002499   Thumb Code     8  rt_errno_addr_intlibspace.o(.text)
    __errno$intlibspace                      0x00002499   Thumb Code     0  rt_errno_addr_intlibspace.o(.text)
    __rt_errno_addr$intlibspace              0x00002499   Thumb Code     0  rt_errno_addr_intlibspace.o(.text)
    __aeabi_llsl                             0x000024a1   Thumb Code     0  llshl.o(.text)
    _ll_shift_l                              0x000024a1   Thumb Code    38  llshl.o(.text)
    _printf_fp_infnan                        0x000024c9   Thumb Code   112  _printf_fp_infnan.o(.text)
    _btod_etento                             0x00002549   Thumb Code   224  bigflt0.o(.text)
    exit                                     0x0000262d   Thumb Code    18  exit.o(.text)
    __read_errno                             0x0000263f   Thumb Code    10  _rserrno.o(.text)
    __set_errno                              0x00002649   Thumb Code    12  _rserrno.o(.text)
    _scanf_really_hex_real                   0x00002655   Thumb Code   786  scanf_hexfp.o(.text)
    _scanf_really_infnan                     0x00002975   Thumb Code   292  scanf_infnan.o(.text)
    _sys_exit                                0x00002aa9   Thumb Code     8  sys_exit.o(.text)
    __I$use$semihosting                      0x00002ab5   Thumb Code     0  use_no_semi.o(.text)
    __use_no_semihosting_swi                 0x00002ab5   Thumb Code     2  use_no_semi.o(.text)
    __semihosting_library_function           0x00002ab7   Thumb Code     0  indicate_semi.o(.text)
    ES_Serial                                0x00002ab9   Thumb Code   572  general_serial.o(.text.ES_Serial)
    ES_Uprintf                               0x00002cf9   Thumb Code   136  general_serial.o(.text.ES_Uprintf)
    ES_getSystemClk                          0x00002d81   Thumb Code    12  sysclock.o(.text.ES_getSystemClk)
    ES_msDelay                               0x00002d8d   Thumb Code    56  delay.o(.text.ES_msDelay)
    ES_putchar                               0x00002dc5   Thumb Code    60  general_serial.o(.text.ES_putchar)
    ES_setSystemClk                          0x00002e01   Thumb Code   216  sysclock.o(.text.ES_setSystemClk)
    ES_usDelay                               0x00002ee1   Thumb Code    56  delay.o(.text.ES_usDelay)
    Init_All_LCD                             0x00002f19   Thumb Code    50  lcd_functions.o(.text.Init_All_LCD)
    Init_Buzzer                              0x00002f4d   Thumb Code    86  buzzer_functions.o(.text.Init_Buzzer)
    Init_Ranger                              0x00002fa5   Thumb Code   398  ranger_functions.o(.text.Init_Ranger)
    Joystick_Control_Servo                   0x00003135   Thumb Code   210  joystick_functions.o(.text.Joystick_Control_Servo)
    Joystick_Init                            0x00003209   Thumb Code   216  joystick_functions.o(.text.Joystick_Init)
    Off_Buzzer                               0x000032e1   Thumb Code    18  buzzer_functions.o(.text.Off_Buzzer)
    On_Buzzer                                0x000032f5   Thumb Code    58  buzzer_functions.o(.text.On_Buzzer)
    Ranger_Get_Distance                      0x00003331   Thumb Code    12  ranger_functions.o(.text.Ranger_Get_Distance)
    Ranger_TRIG_High                         0x0000333d   Thumb Code    18  ranger_functions.o(.text.Ranger_TRIG_High)
    Ranger_TRIG_Low                          0x00003351   Thumb Code    18  ranger_functions.o(.text.Ranger_TRIG_Low)
    Ranger_Trigger                           0x00003365   Thumb Code    18  ranger_functions.o(.text.Ranger_Trigger)
    Read_Joystick                            0x00003379   Thumb Code    70  joystick_functions.o(.text.Read_Joystick)
    SW_Init                                  0x000033c1   Thumb Code    88  joystick_functions.o(.text.SW_Init)
    SW_Pressed                               0x00003419   Thumb Code    48  joystick_functions.o(.text.SW_Pressed)
    Servo_Init                               0x00003449   Thumb Code   238  servo_motor_functions.o(.text.Servo_Init)
    Servo_SetAngle                           0x00003539   Thumb Code    66  servo_motor_functions.o(.text.Servo_SetAngle)
    Servo_TimerInit                          0x0000357d   Thumb Code   158  servo_motor_functions.o(.text.Servo_TimerInit)
    Servo_TimerStart                         0x0000361d   Thumb Code    18  servo_motor_functions.o(.text.Servo_TimerStart)
    Servo_TimerStop                          0x00003631   Thumb Code    18  servo_motor_functions.o(.text.Servo_TimerStop)
    Show_Angle_Distance                      0x00003645   Thumb Code   292  lcd_functions.o(.text.Show_Angle_Distance)
    SystemInit                               0x00003769   Thumb Code    36  system_tm4c129.o(.text.SystemInit)
    TIMER1B_Handler                          0x00003791   Thumb Code   368  ranger_functions.o(.text.TIMER1B_Handler)
    TIMER3A_Handler                          0x00003909   Thumb Code   122  servo_motor_functions.o(.text.TIMER3A_Handler)
    UART0_Init                               0x00003985   Thumb Code   208  main.o(.text.UART0_Init)
    drawChar                                 0x00003af9   Thumb Code   852  ili9341.o(.text.drawChar)
    drawPixel                                0x00003e4d   Thumb Code    88  ili9341.o(.text.drawPixel)
    drawString                               0x00003ea5   Thumb Code   204  ili9341.o(.text.drawString)
    fillRect                                 0x00003f71   Thumb Code   296  ili9341.o(.text.fillRect)
    fillScreen                               0x00004099   Thumb Code    44  ili9341.o(.text.fillScreen)
    initLCD                                  0x000040c5   Thumb Code   588  ili9341.o(.text.initLCD)
    initSPI                                  0x00004311   Thumb Code   250  lcd_functions.o(.text.initSPI)
    main                                     0x0000440d   Thumb Code   358  main.o(.text.main)
    moveCursor                               0x00004575   Thumb Code    76  ili9341.o(.text.moveCursor)
    setAddrWindow                            0x000045c1   Thumb Code   106  ili9341.o(.text.setAddrWindow)
    setCharConfig                            0x0000462d   Thumb Code    70  ili9341.o(.text.setCharConfig)
    setRotation                              0x00004675   Thumb Code   204  ili9341.o(.text.setRotation)
    spi_Transmit                             0x00004741   Thumb Code    68  lcd_functions.o(.text.spi_Transmit)
    waitMicrosecond                          0x00004785   Thumb Code    40  ili9341.o(.text.waitMicrosecond)
    writecommand                             0x000047ad   Thumb Code    40  ili9341.o(.text.writecommand)
    writedata                                0x000047d5   Thumb Code    40  ili9341.o(.text.writedata)
    _btod_d2e                                0x000047fd   Thumb Code    62  btod.o(CL$$btod_d2e)
    _d2e_denorm_low                          0x0000483b   Thumb Code    70  btod.o(CL$$btod_d2e_denorm_low)
    _d2e_norm_op1                            0x00004881   Thumb Code    96  btod.o(CL$$btod_d2e_norm_op1)
    __btod_div_common                        0x000048e1   Thumb Code   696  btod.o(CL$$btod_div_common)
    _e2d                                     0x00004c19   Thumb Code   122  btod.o(CL$$btod_e2d)
    _e2e                                     0x00004c9d   Thumb Code   220  btod.o(CL$$btod_e2e)
    _btod_ediv                               0x00004d79   Thumb Code    42  btod.o(CL$$btod_ediv)
    _btod_edivd                              0x00004da3   Thumb Code    42  btod.o(CL$$btod_edivd)
    _btod_emul                               0x00004dcd   Thumb Code    42  btod.o(CL$$btod_emul)
    _btod_emuld                              0x00004df7   Thumb Code    42  btod.o(CL$$btod_emuld)
    __btod_mult_common                       0x00004e21   Thumb Code   580  btod.o(CL$$btod_mult_common)
    SysCtlClockFreqSet                       0x00005065   Thumb Code   700  sysctl.o(i.SysCtlClockFreqSet)
    __ARM_fpclassify                         0x00005349   Thumb Code    48  fpclassify.o(i.__ARM_fpclassify)
    __hardfp___mathlib_tofloat               0x00005379   Thumb Code   232  narrow.o(i.__hardfp___mathlib_tofloat)
    __hardfp_ldexp                           0x00005471   Thumb Code   200  ldexp.o(i.__hardfp_ldexp)
    __mathlib_dbl_overflow                   0x00005541   Thumb Code    24  dunder.o(i.__mathlib_dbl_overflow)
    __mathlib_dbl_underflow                  0x00005561   Thumb Code    24  dunder.o(i.__mathlib_dbl_underflow)
    __mathlib_narrow                         0x00005581   Thumb Code    18  narrow.o(i.__mathlib_narrow)
    __support_ldexp                          0x00005593   Thumb Code    20  ldexp.o(i.__support_ldexp)
    _is_digit                                0x000055a7   Thumb Code    14  __printf_wp.o(i._is_digit)
    frexp                                    0x000055b9   Thumb Code   118  frexp.o(i.frexp)
    _get_lc_ctype                            0x00005645   Thumb Code    44  lc_ctype_c.o(locale$$code)
    _get_lc_numeric                          0x00005671   Thumb Code    44  lc_numeric_c.o(locale$$code)
    __aeabi_d2f                              0x0000569d   Thumb Code     0  d2f.o(x$fpl$d2f)
    _d2f                                     0x0000569d   Thumb Code    98  d2f.o(x$fpl$d2f)
    __fpl_dcheck_NaN1                        0x00005701   Thumb Code    10  dcheck1.o(x$fpl$dcheck1)
    __fpl_dcmp_Inf                           0x00005711   Thumb Code    24  dcmpi.o(x$fpl$dcmpinf)
    __aeabi_cdcmpeq                          0x00005729   Thumb Code     0  deqf.o(x$fpl$deqf)
    _dcmpeq                                  0x00005729   Thumb Code   120  deqf.o(x$fpl$deqf)
    __aeabi_d2uiz                            0x000057a1   Thumb Code     0  dfixu.o(x$fpl$dfixu)
    _dfixu                                   0x000057a1   Thumb Code    90  dfixu.o(x$fpl$dfixu)
    __aeabi_i2d                              0x000057fb   Thumb Code     0  dflt_clz.o(x$fpl$dflt)
    _dflt                                    0x000057fb   Thumb Code    46  dflt_clz.o(x$fpl$dflt)
    __aeabi_ui2d                             0x00005829   Thumb Code     0  dflt_clz.o(x$fpl$dfltu)
    _dfltu                                   0x00005829   Thumb Code    38  dflt_clz.o(x$fpl$dfltu)
    __aeabi_cdcmple                          0x00005851   Thumb Code     0  dleqf.o(x$fpl$dleqf)
    _dcmple                                  0x00005851   Thumb Code   120  dleqf.o(x$fpl$dleqf)
    __fpl_dcmple_InfNaN                      0x000058b3   Thumb Code     0  dleqf.o(x$fpl$dleqf)
    __aeabi_dmul                             0x000058c9   Thumb Code     0  dmul.o(x$fpl$dmul)
    _dmul                                    0x000058c9   Thumb Code   332  dmul.o(x$fpl$dmul)
    __fpl_dnaninf                            0x00005a1d   Thumb Code   156  dnaninf.o(x$fpl$dnaninf)
    __fpl_dretinf                            0x00005ab9   Thumb Code    12  dretinf.o(x$fpl$dretinf)
    __aeabi_cdrcmple                         0x00005ac5   Thumb Code     0  drleqf.o(x$fpl$drleqf)
    _drcmple                                 0x00005ac5   Thumb Code   108  drleqf.o(x$fpl$drleqf)
    _fp_init                                 0x00005b31   Thumb Code    26  fpinit.o(x$fpl$fpinit)
    __fplib_config_fpu_vfp                   0x00005b49   Thumb Code     0  fpinit.o(x$fpl$fpinit)
    __fplib_config_pureend_doubles           0x00005b49   Thumb Code     0  fpinit.o(x$fpl$fpinit)
    __fpl_fretinf                            0x00005b4b   Thumb Code    10  fretinf.o(x$fpl$fretinf)
    __ieee_status                            0x00005b55   Thumb Code     6  istatus.o(x$fpl$ieeestatus)
    _printf_fp_dec                           0x00005b5b   Thumb Code     4  printf1.o(x$fpl$printf1)
    _printf_fp_hex                           0x00005b5f   Thumb Code     4  printf2.o(x$fpl$printf2)
    __fpl_return_NaN                         0x00005b63   Thumb Code   100  retnan.o(x$fpl$retnan)
    __ARM_scalbn                             0x00005bc7   Thumb Code    92  scalbn.o(x$fpl$scalbn)
    _scanf_real                              0x00005c23   Thumb Code     4  scanf1.o(x$fpl$scanf1)
    _scanf_hex_real                          0x00005c27   Thumb Code     4  scanf2.o(x$fpl$scanf2)
    _scanf_infnan                            0x00005c2b   Thumb Code     4  scanf2.o(x$fpl$scanf2)
    __fpl_cmpreturn                          0x00005c2f   Thumb Code    48  trapv.o(x$fpl$trapveneer)
    __I$use$fp                               0x00005c5e   Number         0  usenofp.o(x$fpl$usenofp)
    Uvalues                                  0x00005fe4   Data         192  general_serial.o(.rodata.Uvalues)
    calibri_14ptBitmaps                      0x000060a4   Data        2057  ili9341.o(.rodata.calibri_14ptBitmaps)
    calibri_14ptDescriptors                  0x000068ae   Data         564  ili9341.o(.rodata.calibri_14ptDescriptors)
    Region$$Table$$Base                      0x00006ba4   Number         0  anon$$obj.o(Region$$Table)
    Region$$Table$$Limit                     0x00006bc4   Number         0  anon$$obj.o(Region$$Table)
    __aeabi_HUGE_VAL                         0x00006bc4   Data           0  fpconst.o(c$$dinf)
    __aeabi_HUGE_VALL                        0x00006bc4   Data           0  fpconst.o(c$$dinf)
    __aeabi_INFINITY                         0x00006bc4   Data           0  fpconst.o(c$$dinf)
    __dInf                                   0x00006bc4   Data           0  fpconst.o(c$$dinf)
    __huge_val                               0x00006bc4   Data           0  fpconst.o(c$$dinf)
    __dbl_max                                0x00006bcc   Data           0  fpconst.o(c$$dmax)
    __ctype                                  0x00006be1   Data           0  lc_ctype_c.o(locale$$data)
    SystemCoreClock                          0x20000004   Data           4  system_tm4c129.o(.data.SystemCoreClock)
    direction                                0x20000008   Data           4  servo_motor_functions.o(.data.direction)
    __libspace_start                         0x20000010   Data          96  libspace.o(.bss)
    LCD                                      0x20000070   Data          16  ili9341.o(.bss.LCD)
    __temporary_stack_top$libspace           0x20000070   Data           0  libspace.o(.bss)
    checking_fall                            0x20000080   Data           1  ranger_functions.o(.bss.checking_fall)
    current_angle                            0x20000084   Data           4  servo_motor_functions.o(.bss.current_angle)
    echo_captured                            0x20000088   Data           1  ranger_functions.o(.bss.echo_captured)
    echo_end                                 0x2000008c   Data           4  ranger_functions.o(.bss.echo_end)
    echo_start                               0x20000090   Data           4  ranger_functions.o(.bss.echo_start)
    font                                     0x20000094   Data           2  ili9341.o(.bss.font)
    last_distance                            0x20000098   Data           4  ranger_functions.o(.bss.last_distance)



==============================================================================

Memory Map of the image

  Image Entry point : 0x00000381

  Load Region LR_1 (Base: 0x00000000, Size: 0x00006d0c, Max: 0xffffffff, ABSOLUTE)

    Execution Region ER_RO (Exec base: 0x00000000, Load base: 0x00000000, Size: 0x00006d00, Max: 0xffffffff, ABSOLUTE)

    Exec Addr    Load Addr    Size         Type   Attr      Idx    E Section Name        Object

    0x00000000   0x00000000   0x00000200   Data   RO          115    RESET               startup_tm4c129.o
    0x00000200   0x00000200   0x00000008   Code   RO          735  * !!!main             c_w.l(__main.o)
    0x00000208   0x00000208   0x0000005c   Code   RO         1210    !!!scatter          c_w.l(__scatter.o)
    0x00000264   0x00000264   0x0000001a   Code   RO         1214    !!handler_copy      c_w.l(__scatter_copy.o)
    0x0000027e   0x0000027e   0x00000002   PAD
    0x00000280   0x00000280   0x00000002   Code   RO         1211    !!handler_null      c_w.l(__scatter.o)
    0x00000282   0x00000282   0x00000002   PAD
    0x00000284   0x00000284   0x0000001c   Code   RO         1216    !!handler_zi        c_w.l(__scatter_zi.o)
    0x000002a0   0x000002a0   0x00000000   Code   RO          836    .ARM.Collect$$_printf_percent$$00000000  c_w.l(_printf_percent.o)
    0x000002a0   0x000002a0   0x00000006   Code   RO          825    .ARM.Collect$$_printf_percent$$00000001  c_w.l(_printf_n.o)
    0x000002a6   0x000002a6   0x00000006   Code   RO          827    .ARM.Collect$$_printf_percent$$00000002  c_w.l(_printf_p.o)
    0x000002ac   0x000002ac   0x00000006   Code   RO          832    .ARM.Collect$$_printf_percent$$00000003  c_w.l(_printf_f.o)
    0x000002b2   0x000002b2   0x00000006   Code   RO          833    .ARM.Collect$$_printf_percent$$00000004  c_w.l(_printf_e.o)
    0x000002b8   0x000002b8   0x00000006   Code   RO          834    .ARM.Collect$$_printf_percent$$00000005  c_w.l(_printf_g.o)
    0x000002be   0x000002be   0x00000006   Code   RO          835    .ARM.Collect$$_printf_percent$$00000006  c_w.l(_printf_a.o)
    0x000002c4   0x000002c4   0x0000000a   Code   RO          840    .ARM.Collect$$_printf_percent$$00000007  c_w.l(_printf_ll.o)
    0x000002ce   0x000002ce   0x00000006   Code   RO          829    .ARM.Collect$$_printf_percent$$00000008  c_w.l(_printf_i.o)
    0x000002d4   0x000002d4   0x00000006   Code   RO          830    .ARM.Collect$$_printf_percent$$00000009  c_w.l(_printf_d.o)
    0x000002da   0x000002da   0x00000006   Code   RO          831    .ARM.Collect$$_printf_percent$$0000000A  c_w.l(_printf_u.o)
    0x000002e0   0x000002e0   0x00000006   Code   RO          828    .ARM.Collect$$_printf_percent$$0000000B  c_w.l(_printf_o.o)
    0x000002e6   0x000002e6   0x00000006   Code   RO          826    .ARM.Collect$$_printf_percent$$0000000C  c_w.l(_printf_x.o)
    0x000002ec   0x000002ec   0x00000006   Code   RO          837    .ARM.Collect$$_printf_percent$$0000000D  c_w.l(_printf_lli.o)
    0x000002f2   0x000002f2   0x00000006   Code   RO          838    .ARM.Collect$$_printf_percent$$0000000E  c_w.l(_printf_lld.o)
    0x000002f8   0x000002f8   0x00000006   Code   RO          839    .ARM.Collect$$_printf_percent$$0000000F  c_w.l(_printf_llu.o)
    0x000002fe   0x000002fe   0x00000006   Code   RO          844    .ARM.Collect$$_printf_percent$$00000010  c_w.l(_printf_llo.o)
    0x00000304   0x00000304   0x00000006   Code   RO          845    .ARM.Collect$$_printf_percent$$00000011  c_w.l(_printf_llx.o)
    0x0000030a   0x0000030a   0x0000000a   Code   RO          841    .ARM.Collect$$_printf_percent$$00000012  c_w.l(_printf_l.o)
    0x00000314   0x00000314   0x00000006   Code   RO          823    .ARM.Collect$$_printf_percent$$00000013  c_w.l(_printf_c.o)
    0x0000031a   0x0000031a   0x00000006   Code   RO          824    .ARM.Collect$$_printf_percent$$00000014  c_w.l(_printf_s.o)
    0x00000320   0x00000320   0x00000006   Code   RO          842    .ARM.Collect$$_printf_percent$$00000015  c_w.l(_printf_lc.o)
    0x00000326   0x00000326   0x00000006   Code   RO          843    .ARM.Collect$$_printf_percent$$00000016  c_w.l(_printf_ls.o)
    0x0000032c   0x0000032c   0x00000004   Code   RO          917    .ARM.Collect$$_printf_percent$$00000017  c_w.l(_printf_percent_end.o)
    0x00000330   0x00000330   0x00000002   Code   RO         1034    .ARM.Collect$$libinit$$00000000  c_w.l(libinit.o)
    0x00000332   0x00000332   0x00000004   Code   RO          934    .ARM.Collect$$libinit$$00000001  c_w.l(libinit2.o)
    0x00000336   0x00000336   0x00000000   Code   RO          937    .ARM.Collect$$libinit$$00000004  c_w.l(libinit2.o)
    0x00000336   0x00000336   0x00000000   Code   RO          939    .ARM.Collect$$libinit$$00000006  c_w.l(libinit2.o)
    0x00000336   0x00000336   0x00000000   Code   RO          942    .ARM.Collect$$libinit$$0000000C  c_w.l(libinit2.o)
    0x00000336   0x00000336   0x00000000   Code   RO          944    .ARM.Collect$$libinit$$0000000E  c_w.l(libinit2.o)
    0x00000336   0x00000336   0x00000000   Code   RO          946    .ARM.Collect$$libinit$$00000010  c_w.l(libinit2.o)
    0x00000336   0x00000336   0x00000006   Code   RO          947    .ARM.Collect$$libinit$$00000011  c_w.l(libinit2.o)
    0x0000033c   0x0000033c   0x00000000   Code   RO          949    .ARM.Collect$$libinit$$00000013  c_w.l(libinit2.o)
    0x0000033c   0x0000033c   0x0000000c   Code   RO          950    .ARM.Collect$$libinit$$00000014  c_w.l(libinit2.o)
    0x00000348   0x00000348   0x00000000   Code   RO          951    .ARM.Collect$$libinit$$00000015  c_w.l(libinit2.o)
    0x00000348   0x00000348   0x00000000   Code   RO          953    .ARM.Collect$$libinit$$00000017  c_w.l(libinit2.o)
    0x00000348   0x00000348   0x0000000a   Code   RO          954    .ARM.Collect$$libinit$$00000018  c_w.l(libinit2.o)
    0x00000352   0x00000352   0x00000000   Code   RO          955    .ARM.Collect$$libinit$$00000019  c_w.l(libinit2.o)
    0x00000352   0x00000352   0x00000000   Code   RO          957    .ARM.Collect$$libinit$$0000001B  c_w.l(libinit2.o)
    0x00000352   0x00000352   0x00000000   Code   RO          959    .ARM.Collect$$libinit$$0000001D  c_w.l(libinit2.o)
    0x00000352   0x00000352   0x00000000   Code   RO          961    .ARM.Collect$$libinit$$0000001F  c_w.l(libinit2.o)
    0x00000352   0x00000352   0x00000000   Code   RO          963    .ARM.Collect$$libinit$$00000021  c_w.l(libinit2.o)
    0x00000352   0x00000352   0x00000000   Code   RO          965    .ARM.Collect$$libinit$$00000023  c_w.l(libinit2.o)
    0x00000352   0x00000352   0x00000000   Code   RO          967    .ARM.Collect$$libinit$$00000025  c_w.l(libinit2.o)
    0x00000352   0x00000352   0x00000000   Code   RO          969    .ARM.Collect$$libinit$$00000027  c_w.l(libinit2.o)
    0x00000352   0x00000352   0x00000000   Code   RO          973    .ARM.Collect$$libinit$$0000002E  c_w.l(libinit2.o)
    0x00000352   0x00000352   0x00000000   Code   RO          975    .ARM.Collect$$libinit$$00000030  c_w.l(libinit2.o)
    0x00000352   0x00000352   0x00000000   Code   RO          977    .ARM.Collect$$libinit$$00000032  c_w.l(libinit2.o)
    0x00000352   0x00000352   0x00000000   Code   RO          979    .ARM.Collect$$libinit$$00000034  c_w.l(libinit2.o)
    0x00000352   0x00000352   0x00000002   Code   RO          980    .ARM.Collect$$libinit$$00000035  c_w.l(libinit2.o)
    0x00000354   0x00000354   0x00000002   Code   RO         1133    .ARM.Collect$$libshutdown$$00000000  c_w.l(libshutdown.o)
    0x00000356   0x00000356   0x00000000   Code   RO         1155    .ARM.Collect$$libshutdown$$00000002  c_w.l(libshutdown2.o)
    0x00000356   0x00000356   0x00000000   Code   RO         1157    .ARM.Collect$$libshutdown$$00000004  c_w.l(libshutdown2.o)
    0x00000356   0x00000356   0x00000000   Code   RO         1160    .ARM.Collect$$libshutdown$$00000007  c_w.l(libshutdown2.o)
    0x00000356   0x00000356   0x00000000   Code   RO         1163    .ARM.Collect$$libshutdown$$0000000A  c_w.l(libshutdown2.o)
    0x00000356   0x00000356   0x00000000   Code   RO         1165    .ARM.Collect$$libshutdown$$0000000C  c_w.l(libshutdown2.o)
    0x00000356   0x00000356   0x00000000   Code   RO         1168    .ARM.Collect$$libshutdown$$0000000F  c_w.l(libshutdown2.o)
    0x00000356   0x00000356   0x00000002   Code   RO         1169    .ARM.Collect$$libshutdown$$00000010  c_w.l(libshutdown2.o)
    0x00000358   0x00000358   0x00000000   Code   RO          749    .ARM.Collect$$rtentry$$00000000  c_w.l(__rtentry.o)
    0x00000358   0x00000358   0x00000000   Code   RO          884    .ARM.Collect$$rtentry$$00000002  c_w.l(__rtentry2.o)
    0x00000358   0x00000358   0x00000006   Code   RO          896    .ARM.Collect$$rtentry$$00000004  c_w.l(__rtentry4.o)
    0x0000035e   0x0000035e   0x00000000   Code   RO          886    .ARM.Collect$$rtentry$$00000009  c_w.l(__rtentry2.o)
    0x0000035e   0x0000035e   0x00000004   Code   RO          887    .ARM.Collect$$rtentry$$0000000A  c_w.l(__rtentry2.o)
    0x00000362   0x00000362   0x00000000   Code   RO          889    .ARM.Collect$$rtentry$$0000000C  c_w.l(__rtentry2.o)
    0x00000362   0x00000362   0x00000008   Code   RO          890    .ARM.Collect$$rtentry$$0000000D  c_w.l(__rtentry2.o)
    0x0000036a   0x0000036a   0x00000002   Code   RO         1059    .ARM.Collect$$rtexit$$00000000  c_w.l(rtexit.o)
    0x0000036c   0x0000036c   0x00000000   Code   RO         1090    .ARM.Collect$$rtexit$$00000002  c_w.l(rtexit2.o)
    0x0000036c   0x0000036c   0x00000004   Code   RO         1091    .ARM.Collect$$rtexit$$00000003  c_w.l(rtexit2.o)
    0x00000370   0x00000370   0x00000006   Code   RO         1092    .ARM.Collect$$rtexit$$00000004  c_w.l(rtexit2.o)
    0x00000376   0x00000376   0x00000002   PAD
    0x00000378   0x00000378   0x00000006   Code   RO          223    .emb_text           ES.lib(sysctl.o)
    0x0000037e   0x0000037e   0x00000002   PAD
    0x00000380   0x00000380   0x0000012c   Code   RO          116  * .text               startup_tm4c129.o
    0x000004ac   0x000004ac   0x00000010   Code   RO          721    .text               c_w.l(rt_ctype_table.o)
    0x000004bc   0x000004bc   0x0000001e   Code   RO          723    .text               c_w.l(toupper.o)
    0x000004da   0x000004da   0x00000002   PAD
    0x000004dc   0x000004dc   0x0000002c   Code   RO          725    .text               c_w.l(sprintf.o)
    0x00000508   0x00000508   0x00000024   Code   RO          727    .text               c_w.l(vsprintf.o)
    0x0000052c   0x0000052c   0x0000003c   Code   RO          729    .text               c_w.l(sscanf.o)
    0x00000568   0x00000568   0x0000003e   Code   RO          731    .text               c_w.l(strlen.o)
    0x000005a6   0x000005a6   0x00000006   Code   RO          733    .text               c_w.l(heapauxi.o)
    0x000005ac   0x000005ac   0x00000008   Code   RO          753    .text               c_w.l(rt_locale_intlibspace.o)
    0x000005b4   0x000005b4   0x0000004e   Code   RO          757    .text               c_w.l(_printf_pad.o)
    0x00000602   0x00000602   0x00000024   Code   RO          759    .text               c_w.l(_printf_truncate.o)
    0x00000626   0x00000626   0x00000052   Code   RO          761    .text               c_w.l(_printf_str.o)
    0x00000678   0x00000678   0x00000078   Code   RO          763    .text               c_w.l(_printf_dec.o)
    0x000006f0   0x000006f0   0x00000028   Code   RO          765    .text               c_w.l(_printf_charcount.o)
    0x00000718   0x00000718   0x00000030   Code   RO          767    .text               c_w.l(_printf_char_common.o)
    0x00000748   0x00000748   0x0000000a   Code   RO          769    .text               c_w.l(_sputc.o)
    0x00000752   0x00000752   0x00000002   PAD
    0x00000754   0x00000754   0x000000bc   Code   RO          771    .text               c_w.l(_printf_wctomb.o)
    0x00000810   0x00000810   0x0000007c   Code   RO          774    .text               c_w.l(_printf_longlong_dec.o)
    0x0000088c   0x0000088c   0x00000070   Code   RO          780    .text               c_w.l(_printf_oct_int_ll.o)
    0x000008fc   0x000008fc   0x00000094   Code   RO          800    .text               c_w.l(_printf_hex_int_ll_ptr.o)
    0x00000990   0x00000990   0x00000188   Code   RO          820    .text               c_w.l(__printf_flags_ss_wp.o)
    0x00000b18   0x00000b18   0x00000156   Code   RO          846    .text               c_w.l(_scanf_longlong.o)
    0x00000c6e   0x00000c6e   0x0000014c   Code   RO          848    .text               c_w.l(_scanf_int.o)
    0x00000dba   0x00000dba   0x000000e0   Code   RO          850    .text               c_w.l(_scanf_str.o)
    0x00000e9a   0x00000e9a   0x00000002   PAD
    0x00000e9c   0x00000e9c   0x0000002c   Code   RO          852    .text               c_w.l(scanf_char.o)
    0x00000ec8   0x00000ec8   0x00000040   Code   RO          854    .text               c_w.l(_sgetc.o)
    0x00000f08   0x00000f08   0x00000114   Code   RO          856    .text               c_w.l(_scanf_mbtowc.o)
    0x0000101c   0x0000101c   0x000000e8   Code   RO          858    .text               c_w.l(_scanf_wctomb.o)
    0x00001104   0x00001104   0x000000d0   Code   RO          860    .text               c_w.l(_scanf_wstr.o)
    0x000011d4   0x000011d4   0x00000008   Code   RO          880    .text               c_w.l(libspace.o)
    0x000011dc   0x000011dc   0x0000008a   Code   RO          898    .text               c_w.l(lludiv10.o)
    0x00001266   0x00001266   0x00000012   Code   RO          900    .text               c_w.l(isspace.o)
    0x00001278   0x00001278   0x000000b2   Code   RO          902    .text               c_w.l(_printf_intcommon.o)
    0x0000132a   0x0000132a   0x0000041c   Code   RO          904    .text               c_w.l(_printf_fp_dec.o)
    0x00001746   0x00001746   0x00000002   PAD
    0x00001748   0x00001748   0x000002fc   Code   RO          908    .text               c_w.l(_printf_fp_hex.o)
    0x00001a44   0x00001a44   0x0000002c   Code   RO          913    .text               c_w.l(_printf_char.o)
    0x00001a70   0x00001a70   0x0000002c   Code   RO          915    .text               c_w.l(_printf_wchar.o)
    0x00001a9c   0x00001a9c   0x0000001c   Code   RO          918    .text               c_w.l(_chval.o)
    0x00001ab8   0x00001ab8   0x00000374   Code   RO          920    .text               c_w.l(_scanf.o)
    0x00001e2c   0x00001e2c   0x000004f8   Code   RO          922    .text               c_w.l(scanf_fp.o)
    0x00002324   0x00002324   0x0000001e   Code   RO          926    .text               c_w.l(_scanf_wcharmap.o)
    0x00002342   0x00002342   0x00000040   Code   RO          928    .text               c_w.l(_mbrtoc16.o)
    0x00002382   0x00002382   0x00000048   Code   RO          930    .text               c_w.l(_c16rtomb.o)
    0x000023ca   0x000023ca   0x00000006   PAD
    0x000023d0   0x000023d0   0x0000007c   Code   RO          932    .text               c_w.l(strcmpv7em.o)
    0x0000244c   0x0000244c   0x0000004a   Code   RO          981    .text               c_w.l(sys_stackheap_outer.o)
    0x00002496   0x00002496   0x00000002   PAD
    0x00002498   0x00002498   0x00000008   Code   RO          986    .text               c_w.l(rt_errno_addr_intlibspace.o)
    0x000024a0   0x000024a0   0x00000026   Code   RO          988    .text               c_w.l(llshl.o)
    0x000024c6   0x000024c6   0x00000002   PAD
    0x000024c8   0x000024c8   0x00000080   Code   RO          990    .text               c_w.l(_printf_fp_infnan.o)
    0x00002548   0x00002548   0x000000e4   Code   RO          992    .text               c_w.l(bigflt0.o)
    0x0000262c   0x0000262c   0x00000012   Code   RO         1025    .text               c_w.l(exit.o)
    0x0000263e   0x0000263e   0x00000016   Code   RO         1061    .text               c_w.l(_rserrno.o)
    0x00002654   0x00002654   0x00000320   Code   RO         1063    .text               c_w.l(scanf_hexfp.o)
    0x00002974   0x00002974   0x00000134   Code   RO         1065    .text               c_w.l(scanf_infnan.o)
    0x00002aa8   0x00002aa8   0x0000000c   Code   RO         1118    .text               c_w.l(sys_exit.o)
    0x00002ab4   0x00002ab4   0x00000002   Code   RO         1122    .text               c_w.l(use_no_semi.o)
    0x00002ab6   0x00002ab6   0x00000000   Code   RO         1124    .text               c_w.l(indicate_semi.o)
    0x00002ab6   0x00002ab6   0x00000002   PAD
    0x00002ab8   0x00002ab8   0x00000240   Code   RO          152    .text.ES_Serial     ES.lib(general_serial.o)
    0x00002cf8   0x00002cf8   0x00000088   Code   RO          154    .text.ES_Uprintf    ES.lib(general_serial.o)
    0x00002d80   0x00002d80   0x0000000c   Code   RO          137    .text.ES_getSystemClk  ES.lib(sysclock.o)
    0x00002d8c   0x00002d8c   0x00000038   Code   RO          168    .text.ES_msDelay    ES.lib(delay.o)
    0x00002dc4   0x00002dc4   0x0000003c   Code   RO          150    .text.ES_putchar    ES.lib(general_serial.o)
    0x00002e00   0x00002e00   0x000000e0   Code   RO          135    .text.ES_setSystemClk  ES.lib(sysclock.o)
    0x00002ee0   0x00002ee0   0x00000038   Code   RO          170    .text.ES_usDelay    ES.lib(delay.o)
    0x00002f18   0x00002f18   0x00000032   Code   RO           70    .text.Init_All_LCD  lcd_functions.o
    0x00002f4a   0x00002f4a   0x00000002   PAD
    0x00002f4c   0x00002f4c   0x00000056   Code   RO           82    .text.Init_Buzzer   buzzer_functions.o
    0x00002fa2   0x00002fa2   0x00000002   PAD
    0x00002fa4   0x00002fa4   0x0000018e   Code   RO           38    .text.Init_Ranger   ranger_functions.o
    0x00003132   0x00003132   0x00000002   PAD
    0x00003134   0x00003134   0x000000d2   Code   RO           99    .text.Joystick_Control_Servo  joystick_functions.o
    0x00003206   0x00003206   0x00000002   PAD
    0x00003208   0x00003208   0x000000d8   Code   RO           95    .text.Joystick_Init  joystick_functions.o
    0x000032e0   0x000032e0   0x00000012   Code   RO           86    .text.Off_Buzzer    buzzer_functions.o
    0x000032f2   0x000032f2   0x00000002   PAD
    0x000032f4   0x000032f4   0x0000003a   Code   RO           84    .text.On_Buzzer     buzzer_functions.o
    0x0000332e   0x0000332e   0x00000002   PAD
    0x00003330   0x00003330   0x0000000c   Code   RO           52    .text.Ranger_Get_Distance  ranger_functions.o
    0x0000333c   0x0000333c   0x00000012   Code   RO           48    .text.Ranger_TRIG_High  ranger_functions.o
    0x0000334e   0x0000334e   0x00000002   PAD
    0x00003350   0x00003350   0x00000012   Code   RO           50    .text.Ranger_TRIG_Low  ranger_functions.o
    0x00003362   0x00003362   0x00000002   PAD
    0x00003364   0x00003364   0x00000012   Code   RO           46    .text.Ranger_Trigger  ranger_functions.o
    0x00003376   0x00003376   0x00000002   PAD
    0x00003378   0x00003378   0x00000046   Code   RO           97    .text.Read_Joystick  joystick_functions.o
    0x000033be   0x000033be   0x00000002   PAD
    0x000033c0   0x000033c0   0x00000058   Code   RO          101    .text.SW_Init       joystick_functions.o
    0x00003418   0x00003418   0x00000030   Code   RO          103    .text.SW_Pressed    joystick_functions.o
    0x00003448   0x00003448   0x000000ee   Code   RO           15    .text.Servo_Init    servo_motor_functions.o
    0x00003536   0x00003536   0x00000002   PAD
    0x00003538   0x00003538   0x00000042   Code   RO           17    .text.Servo_SetAngle  servo_motor_functions.o
    0x0000357a   0x0000357a   0x00000002   PAD
    0x0000357c   0x0000357c   0x0000009e   Code   RO           19    .text.Servo_TimerInit  servo_motor_functions.o
    0x0000361a   0x0000361a   0x00000002   PAD
    0x0000361c   0x0000361c   0x00000012   Code   RO           25    .text.Servo_TimerStart  servo_motor_functions.o
    0x0000362e   0x0000362e   0x00000002   PAD
    0x00003630   0x00003630   0x00000012   Code   RO           27    .text.Servo_TimerStop  servo_motor_functions.o
    0x00003642   0x00003642   0x00000002   PAD
    0x00003644   0x00003644   0x00000124   Code   RO           72    .text.Show_Angle_Distance  lcd_functions.o
    0x00003768   0x00003768   0x00000024   Code   RO          125    .text.SystemInit    system_tm4c129.o
    0x0000378c   0x0000378c   0x00000004   PAD
    0x00003790   0x00003790   0x00000178   Code   RO           44    .text.TIMER1B_Handler  ranger_functions.o
    0x00003908   0x00003908   0x0000007a   Code   RO           23    .text.TIMER3A_Handler  servo_motor_functions.o
    0x00003982   0x00003982   0x00000002   PAD
    0x00003984   0x00003984   0x000000d0   Code   RO            2    .text.UART0_Init    main.o
    0x00003a54   0x00003a54   0x00000030   Code   RO           21    .text.__NVIC_EnableIRQ  servo_motor_functions.o
    0x00003a84   0x00003a84   0x00000030   Code   RO           40    .text.__NVIC_EnableIRQ  ranger_functions.o
    0x00003ab4   0x00003ab4   0x00000042   Code   RO           42    .text.__NVIC_SetPriority  ranger_functions.o
    0x00003af6   0x00003af6   0x00000002   PAD
    0x00003af8   0x00003af8   0x00000354   Code   RO          199    .text.drawChar      LCD_Display.lib(ili9341.o)
    0x00003e4c   0x00003e4c   0x00000058   Code   RO          195    .text.drawPixel     LCD_Display.lib(ili9341.o)
    0x00003ea4   0x00003ea4   0x000000cc   Code   RO          201    .text.drawString    LCD_Display.lib(ili9341.o)
    0x00003f70   0x00003f70   0x00000128   Code   RO          191    .text.fillRect      LCD_Display.lib(ili9341.o)
    0x00004098   0x00004098   0x0000002c   Code   RO          193    .text.fillScreen    LCD_Display.lib(ili9341.o)
    0x000040c4   0x000040c4   0x0000024c   Code   RO          185    .text.initLCD       LCD_Display.lib(ili9341.o)
    0x00004310   0x00004310   0x000000fa   Code   RO           66    .text.initSPI       lcd_functions.o
    0x0000440a   0x0000440a   0x00000002   PAD
    0x0000440c   0x0000440c   0x00000166   Code   RO            4    .text.main          main.o
    0x00004572   0x00004572   0x00000002   PAD
    0x00004574   0x00004574   0x0000004c   Code   RO          205    .text.moveCursor    LCD_Display.lib(ili9341.o)
    0x000045c0   0x000045c0   0x0000006a   Code   RO          189    .text.setAddrWindow  LCD_Display.lib(ili9341.o)
    0x0000462a   0x0000462a   0x00000002   PAD
    0x0000462c   0x0000462c   0x00000046   Code   RO          207    .text.setCharConfig  LCD_Display.lib(ili9341.o)
    0x00004672   0x00004672   0x00000002   PAD
    0x00004674   0x00004674   0x000000cc   Code   RO          187    .text.setRotation   LCD_Display.lib(ili9341.o)
    0x00004740   0x00004740   0x00000044   Code   RO           68    .text.spi_Transmit  lcd_functions.o
    0x00004784   0x00004784   0x00000028   Code   RO          179    .text.waitMicrosecond  LCD_Display.lib(ili9341.o)
    0x000047ac   0x000047ac   0x00000028   Code   RO          183    .text.writecommand  LCD_Display.lib(ili9341.o)
    0x000047d4   0x000047d4   0x00000028   Code   RO          181    .text.writedata     LCD_Display.lib(ili9341.o)
    0x000047fc   0x000047fc   0x0000003e   Code   RO          995    CL$$btod_d2e        c_w.l(btod.o)
    0x0000483a   0x0000483a   0x00000046   Code   RO          997    CL$$btod_d2e_denorm_low  c_w.l(btod.o)
    0x00004880   0x00004880   0x00000060   Code   RO          996    CL$$btod_d2e_norm_op1  c_w.l(btod.o)
    0x000048e0   0x000048e0   0x00000338   Code   RO         1005    CL$$btod_div_common  c_w.l(btod.o)
    0x00004c18   0x00004c18   0x00000084   Code   RO         1003    CL$$btod_e2d        c_w.l(btod.o)
    0x00004c9c   0x00004c9c   0x000000dc   Code   RO         1002    CL$$btod_e2e        c_w.l(btod.o)
    0x00004d78   0x00004d78   0x0000002a   Code   RO          999    CL$$btod_ediv       c_w.l(btod.o)
    0x00004da2   0x00004da2   0x0000002a   Code   RO         1001    CL$$btod_edivd      c_w.l(btod.o)
    0x00004dcc   0x00004dcc   0x0000002a   Code   RO          998    CL$$btod_emul       c_w.l(btod.o)
    0x00004df6   0x00004df6   0x0000002a   Code   RO         1000    CL$$btod_emuld      c_w.l(btod.o)
    0x00004e20   0x00004e20   0x00000244   Code   RO         1004    CL$$btod_mult_common  c_w.l(btod.o)
    0x00005064   0x00005064   0x000002e4   Code   RO          225    i.SysCtlClockFreqSet  ES.lib(sysctl.o)
    0x00005348   0x00005348   0x00000030   Code   RO         1049    i.__ARM_fpclassify  m_wm.l(fpclassify.o)
    0x00005378   0x00005378   0x000000f8   Code   RO         1051    i.__hardfp___mathlib_tofloat  m_wm.l(narrow.o)
    0x00005470   0x00005470   0x000000d0   Code   RO         1110    i.__hardfp_ldexp    m_wm.l(ldexp.o)
    0x00005540   0x00005540   0x00000020   Code   RO         1140    i.__mathlib_dbl_overflow  m_wm.l(dunder.o)
    0x00005560   0x00005560   0x00000020   Code   RO         1142    i.__mathlib_dbl_underflow  m_wm.l(dunder.o)
    0x00005580   0x00005580   0x00000012   Code   RO         1052    i.__mathlib_narrow  m_wm.l(narrow.o)
    0x00005592   0x00005592   0x00000014   Code   RO         1112    i.__support_ldexp   m_wm.l(ldexp.o)
    0x000055a6   0x000055a6   0x0000000e   Code   RO          813    i._is_digit         c_w.l(__printf_wp.o)
    0x000055b4   0x000055b4   0x00000004   PAD
    0x000055b8   0x000055b8   0x0000008c   Code   RO         1081    i.frexp             m_wm.l(frexp.o)
    0x00005644   0x00005644   0x0000002c   Code   RO          863    locale$$code        c_w.l(lc_ctype_c.o)
    0x00005670   0x00005670   0x0000002c   Code   RO         1023    locale$$code        c_w.l(lc_numeric_c.o)
    0x0000569c   0x0000569c   0x00000062   Code   RO         1073    x$fpl$d2f           fz_wm.l(d2f.o)
    0x000056fe   0x000056fe   0x00000002   PAD
    0x00005700   0x00005700   0x00000010   Code   RO         1176    x$fpl$dcheck1       fz_wm.l(dcheck1.o)
    0x00005710   0x00005710   0x00000018   Code   RO         1104    x$fpl$dcmpinf       fz_wm.l(dcmpi.o)
    0x00005728   0x00005728   0x00000078   Code   RO         1075    x$fpl$deqf          fz_wm.l(deqf.o)
    0x000057a0   0x000057a0   0x0000005a   Code   RO          737    x$fpl$dfixu         fz_wm.l(dfixu.o)
    0x000057fa   0x000057fa   0x0000002e   Code   RO          742    x$fpl$dflt          fz_wm.l(dflt_clz.o)
    0x00005828   0x00005828   0x00000026   Code   RO          741    x$fpl$dfltu         fz_wm.l(dflt_clz.o)
    0x0000584e   0x0000584e   0x00000002   PAD
    0x00005850   0x00005850   0x00000078   Code   RO         1106    x$fpl$dleqf         fz_wm.l(dleqf.o)
    0x000058c8   0x000058c8   0x00000154   Code   RO          747    x$fpl$dmul          fz_wm.l(dmul.o)
    0x00005a1c   0x00005a1c   0x0000009c   Code   RO          865    x$fpl$dnaninf       fz_wm.l(dnaninf.o)
    0x00005ab8   0x00005ab8   0x0000000c   Code   RO          867    x$fpl$dretinf       fz_wm.l(dretinf.o)
    0x00005ac4   0x00005ac4   0x0000006c   Code   RO         1077    x$fpl$drleqf        fz_wm.l(drleqf.o)
    0x00005b30   0x00005b30   0x0000001a   Code   RO         1039    x$fpl$fpinit        fz_wm.l(fpinit.o)
    0x00005b4a   0x00005b4a   0x0000000a   Code   RO         1108    x$fpl$fretinf       fz_wm.l(fretinf.o)
    0x00005b54   0x00005b54   0x00000006   Code   RO         1041    x$fpl$ieeestatus    fz_wm.l(istatus.o)
    0x00005b5a   0x00005b5a   0x00000004   Code   RO          869    x$fpl$printf1       fz_wm.l(printf1.o)
    0x00005b5e   0x00005b5e   0x00000004   Code   RO          871    x$fpl$printf2       fz_wm.l(printf2.o)
    0x00005b62   0x00005b62   0x00000064   Code   RO         1188    x$fpl$retnan        fz_wm.l(retnan.o)
    0x00005bc6   0x00005bc6   0x0000005c   Code   RO         1134    x$fpl$scalbn        fz_wm.l(scalbn.o)
    0x00005c22   0x00005c22   0x00000004   Code   RO          877    x$fpl$scanf1        fz_wm.l(scanf1.o)
    0x00005c26   0x00005c26   0x00000008   Code   RO         1043    x$fpl$scanf2        fz_wm.l(scanf2.o)
    0x00005c2e   0x00005c2e   0x00000030   Code   RO         1206    x$fpl$trapveneer    fz_wm.l(trapv.o)
    0x00005c5e   0x00005c5e   0x00000000   Code   RO          879    x$fpl$usenofp       fz_wm.l(usenofp.o)
    0x00005c5e   0x00005c5e   0x00000002   PAD
    0x00005c60   0x00005c60   0x00000254   Data   RO          279    .constdata          ES.lib(sysctl.o)
    0x00005eb4   0x00005eb4   0x00000008   Data   RO          772    .constdata          c_w.l(_printf_wctomb.o)
    0x00005ebc   0x00005ebc   0x00000028   Data   RO          801    .constdata          c_w.l(_printf_hex_int_ll_ptr.o)
    0x00005ee4   0x00005ee4   0x00000011   Data   RO          821    .constdata          c_w.l(__printf_flags_ss_wp.o)
    0x00005ef5   0x00005ef5   0x00000026   Data   RO          909    .constdata          c_w.l(_printf_fp_hex.o)
    0x00005f1b   0x00005f1b   0x00000001   PAD
    0x00005f1c   0x00005f1c   0x00000094   Data   RO          993    .constdata          c_w.l(bigflt0.o)
    0x00005fb0   0x00005fb0   0x00000034   Data   RO          139    .rodata..L__const.ES_setSystemClk.allowed_freq  ES.lib(sysclock.o)
    0x00005fe4   0x00005fe4   0x000000c0   Data   RO          158    .rodata.Uvalues     ES.lib(general_serial.o)
    0x000060a4   0x000060a4   0x00000809   Data   RO          211    .rodata.calibri_14ptBitmaps  LCD_Display.lib(ili9341.o)
    0x000068ad   0x000068ad   0x00000001   PAD
    0x000068ae   0x000068ae   0x00000234   Data   RO          212    .rodata.calibri_14ptDescriptors  LCD_Display.lib(ili9341.o)
    0x00006ae2   0x00006ae2   0x00000058   Data   RO            6    .rodata.str1.1      main.o
    0x00006b3a   0x00006b3a   0x00000035   Data   RO           74    .rodata.str1.1      lcd_functions.o
    0x00006b6f   0x00006b6f   0x00000029   Data   RO          106    .rodata.str1.1      joystick_functions.o
    0x00006b98   0x00006b98   0x0000000c   Data   RO          159    .rodata.str1.1      ES.lib(general_serial.o)
    0x00006ba4   0x00006ba4   0x00000020   Data   RO         1209    Region$$Table       anon$$obj.o
    0x00006bc4   0x00006bc4   0x00000008   Data   RO         1035    c$$dinf             fz_wm.l(fpconst.o)
    0x00006bcc   0x00006bcc   0x00000008   Data   RO         1038    c$$dmax             fz_wm.l(fpconst.o)
    0x00006bd4   0x00006bd4   0x00000110   Data   RO          862    locale$$data        c_w.l(lc_ctype_c.o)
    0x00006ce4   0x00006ce4   0x0000001c   Data   RO         1022    locale$$data        c_w.l(lc_numeric_c.o)


    Execution Region ER_RW (Exec base: 0x20000000, Load base: 0x00006d00, Size: 0x0000000c, Max: 0xffffffff, ABSOLUTE)

    Exec Addr    Load Addr    Size         Type   Attr      Idx    E Section Name        Object

    0x20000000   0x00006d00   0x00000004   Data   RW          105    .data.Joystick_Control_Servo.starting_servo_angle  joystick_functions.o
    0x20000004   0x00006d04   0x00000004   Data   RW          127    .data.SystemCoreClock  system_tm4c129.o
    0x20000008   0x00006d08   0x00000004   Data   RW           30    .data.direction     servo_motor_functions.o


    Execution Region ER_ZI (Exec base: 0x20000010, Load base: 0x00006d0c, Size: 0x00000290, Max: 0xffffffff, ABSOLUTE)

    Exec Addr    Load Addr    Size         Type   Attr      Idx    E Section Name        Object

    0x20000010        -       0x00000060   Zero   RW          881    .bss                c_w.l(libspace.o)
    0x20000070        -       0x00000010   Zero   RW          213    .bss.LCD            LCD_Display.lib(ili9341.o)
    0x20000080        -       0x00000001   Zero   RW           58    .bss.checking_fall  ranger_functions.o
    0x20000081   0x00006d0c   0x00000003   PAD
    0x20000084        -       0x00000004   Zero   RW           29    .bss.current_angle  servo_motor_functions.o
    0x20000088        -       0x00000001   Zero   RW           57    .bss.echo_captured  ranger_functions.o
    0x20000089   0x00006d0c   0x00000003   PAD
    0x2000008c        -       0x00000004   Zero   RW           55    .bss.echo_end       ranger_functions.o
    0x20000090        -       0x00000004   Zero   RW           54    .bss.echo_start     ranger_functions.o
    0x20000094        -       0x00000002   Zero   RW          214    .bss.font           LCD_Display.lib(ili9341.o)
    0x20000096   0x00006d0c   0x00000002   PAD
    0x20000098        -       0x00000004   Zero   RW           56    .bss.last_distance  ranger_functions.o
    0x2000009c        -       0x00000004   Zero   RW          140    .bss.ui32SysClock   ES.lib(sysclock.o)
    0x200000a0        -       0x00000000   Zero   RW          114    HEAP                startup_tm4c129.o
    0x200000a0        -       0x00000200   Zero   RW          113    STACK               startup_tm4c129.o


==============================================================================

Image component sizes


      Code (inc. data)   RO Data    RW Data    ZI Data      Debug   Object Name

       162          0          0          0          0       7055   buzzer_functions.o
       632          0         41          4          0       9129   joystick_functions.o
       660          0         53          0          0       7948   lcd_functions.o
       566          0         88          0          0       8088   main.o
       954          8          0          0         14      11731   ranger_functions.o
       668          0          0          4          4      12961   servo_motor_functions.o
       300         22        512          0        512       6052   startup_tm4c129.o
        36          0          0          4          0       1469   system_tm4c129.o

    ----------------------------------------------------------------------
      4020         30        726         12        536      64433   Object Totals
         0          0         32          0          0          0   (incl. Generated)
        42          0          0          0          6          0   (incl. Padding)

    ----------------------------------------------------------------------

      Code (inc. data)   RO Data    RW Data    ZI Data      Debug   Library Member Name

       112          0          0          0          0        719   delay.o
       772         48        204          0          0       9510   general_serial.o
       236          8         52          0          4       1010   sysclock.o
       746         40        596          0          0       8341   sysctl.o
      2648          4       2621          0         18       6850   ili9341.o
         8          0          0          0          0         68   __main.o
       392          4         17          0          0         92   __printf_flags_ss_wp.o
        14          0          0          0          0         68   __printf_wp.o
         0          0          0          0          0          0   __rtentry.o
        12          0          0          0          0          0   __rtentry2.o
         6          0          0          0          0          0   __rtentry4.o
        94          8          0          0          0          0   __scatter.o
        26          0          0          0          0          0   __scatter_copy.o
        28          0          0          0          0          0   __scatter_zi.o
        72          0          0          0          0         96   _c16rtomb.o
        28          0          0          0          0         68   _chval.o
        64          0          0          0          0         84   _mbrtoc16.o
         6          0          0          0          0          0   _printf_a.o
         6          0          0          0          0          0   _printf_c.o
        44          0          0          0          0        108   _printf_char.o
        48          6          0          0          0         96   _printf_char_common.o
        40          0          0          0          0         68   _printf_charcount.o
         6          0          0          0          0          0   _printf_d.o
       120         16          0          0          0         92   _printf_dec.o
         6          0          0          0          0          0   _printf_e.o
         6          0          0          0          0          0   _printf_f.o
      1052          0          0          0          0        148   _printf_fp_dec.o
       764          8         38          0          0        100   _printf_fp_hex.o
       128         16          0          0          0         84   _printf_fp_infnan.o
         6          0          0          0          0          0   _printf_g.o
       148          4         40          0          0        160   _printf_hex_int_ll_ptr.o
         6          0          0          0          0          0   _printf_i.o
       178          0          0          0          0         88   _printf_intcommon.o
        10          0          0          0          0          0   _printf_l.o
         6          0          0          0          0          0   _printf_lc.o
        10          0          0          0          0          0   _printf_ll.o
         6          0          0          0          0          0   _printf_lld.o
         6          0          0          0          0          0   _printf_lli.o
         6          0          0          0          0          0   _printf_llo.o
         6          0          0          0          0          0   _printf_llu.o
         6          0          0          0          0          0   _printf_llx.o
       124         16          0          0          0         92   _printf_longlong_dec.o
         6          0          0          0          0          0   _printf_ls.o
         6          0          0          0          0          0   _printf_n.o
         6          0          0          0          0          0   _printf_o.o
       112          8          0          0          0        124   _printf_oct_int_ll.o
         6          0          0          0          0          0   _printf_p.o
        78          0          0          0          0        108   _printf_pad.o
         0          0          0          0          0          0   _printf_percent.o
         4          0          0          0          0          0   _printf_percent_end.o
         6          0          0          0          0          0   _printf_s.o
        82          0          0          0          0         80   _printf_str.o
        36          0          0          0          0         84   _printf_truncate.o
         6          0          0          0          0          0   _printf_u.o
        44          0          0          0          0        108   _printf_wchar.o
       188          6          8          0          0         92   _printf_wctomb.o
         6          0          0          0          0          0   _printf_x.o
        22          0          0          0          0        100   _rserrno.o
       884          6          0          0          0        100   _scanf.o
       332          0          0          0          0         96   _scanf_int.o
       342          0          0          0          0        100   _scanf_longlong.o
       276          0          0          0          0        100   _scanf_mbtowc.o
       224          0          0          0          0         96   _scanf_str.o
        30          0          0          0          0         76   _scanf_wcharmap.o
       232          0          0          0          0        100   _scanf_wctomb.o
       208          0          0          0          0         96   _scanf_wstr.o
        64          0          0          0          0         84   _sgetc.o
        10          0          0          0          0         68   _sputc.o
       228          4        148          0          0         96   bigflt0.o
      2152        136          0          0          0        956   btod.o
        18          0          0          0          0         80   exit.o
         6          0          0          0          0        152   heapauxi.o
         0          0          0          0          0          0   indicate_semi.o
        18          0          0          0          0         76   isspace.o
        44         10        272          0          0         76   lc_ctype_c.o
        44         10         28          0          0         76   lc_numeric_c.o
         2          0          0          0          0          0   libinit.o
        34          0          0          0          0          0   libinit2.o
         2          0          0          0          0          0   libshutdown.o
         2          0          0          0          0          0   libshutdown2.o
         8          4          0          0         96         68   libspace.o
        38          0          0          0          0         68   llshl.o
       138          0          0          0          0         80   lludiv10.o
        16          4          0          0          0         76   rt_ctype_table.o
         8          4          0          0          0         68   rt_errno_addr_intlibspace.o
         8          4          0          0          0         68   rt_locale_intlibspace.o
         2          0          0          0          0          0   rtexit.o
        10          0          0          0          0          0   rtexit2.o
        44          8          0          0          0         84   scanf_char.o
      1272         16          0          0          0        168   scanf_fp.o
       800         14          0          0          0        100   scanf_hexfp.o
       308         16          0          0          0        100   scanf_infnan.o
        44          6          0          0          0         84   sprintf.o
        60          8          0          0          0         84   sscanf.o
       124          0          0          0          0         88   strcmpv7em.o
        62          0          0          0          0         76   strlen.o
        12          4          0          0          0         68   sys_exit.o
        74          0          0          0          0         80   sys_stackheap_outer.o
        30          0          0          0          0         76   toupper.o
         2          0          0          0          0         68   use_no_semi.o
        36          4          0          0          0         76   vsprintf.o
        98          4          0          0          0        140   d2f.o
        16          4          0          0          0        116   dcheck1.o
        24          0          0          0          0        116   dcmpi.o
       120          4          0          0          0        140   deqf.o
        90          4          0          0          0        140   dfixu.o
        84          0          0          0          0        232   dflt_clz.o
       120          4          0          0          0        140   dleqf.o
       340         12          0          0          0        152   dmul.o
       156          4          0          0          0        140   dnaninf.o
        12          0          0          0          0        116   dretinf.o
       108          0          0          0          0        128   drleqf.o
         0          0         16          0          0          0   fpconst.o
        26          0          0          0          0        116   fpinit.o
        10          0          0          0          0        116   fretinf.o
         6          0          0          0          0        116   istatus.o
         4          0          0          0          0        116   printf1.o
         4          0          0          0          0        116   printf2.o
       100          0          0          0          0        116   retnan.o
        92          0          0          0          0        116   scalbn.o
         4          0          0          0          0        116   scanf1.o
         8          0          0          0          0        132   scanf2.o
        48          0          0          0          0        116   trapv.o
         0          0          0          0          0          0   usenofp.o
        64         16          0          0          0        248   dunder.o
        48          0          0          0          0        124   fpclassify.o
       140         22          0          0          0        132   frexp.o
       228          8          0          0          0        308   ldexp.o
       266         16          0          0          0        308   narrow.o

    ----------------------------------------------------------------------
     19116        548       4042          0        120      36502   Library Totals
        42          0          2          0          2          0   (incl. Padding)

    ----------------------------------------------------------------------

      Code (inc. data)   RO Data    RW Data    ZI Data      Debug   Library Name

      1866         96        852          0          4      19580   ES.lib
      2648          4       2621          0         18       6850   LCD_Display.lib
     12344        350        551          0         96       6216   c_w.l
      1470         36         16          0          0       2736   fz_wm.l
       746         62          0          0          0       1120   m_wm.l

    ----------------------------------------------------------------------
     19116        548       4042          0        120      36502   Library Totals

    ----------------------------------------------------------------------

==============================================================================


      Code (inc. data)   RO Data    RW Data    ZI Data      Debug   

     23136        578       4768         12        656      94523   Grand Totals
     23136        578       4768         12        656      94523   ELF Image Totals
     23136        578       4768         12          0          0   ROM Totals

==============================================================================

    Total RO  Size (Code + RO Data)                27904 (  27.25kB)
    Total RW  Size (RW Data + ZI Data)               668 (   0.65kB)
    Total ROM Size (Code + RO Data + RW Data)      27916 (  27.26kB)

==============================================================================

